{
    "-profile test": {
        "content": [
            {
                "ADMIXTUREPIPELINE": {
                    "AdmixPipe": "3.2.2",
                    "VCFtools": "0.1.16",
                    "PLINK": 20220402,
                    "Admixture": 1.3
                },
                "BESTK": {
                    "awk": "5.1.0"
                },
                "BGZIP_INDEX_VCF": {
                    "htslib": 1.24,
                    "xz": "5.8.3"
                },
                "CLUMPAK": {
                    "AdmixPipe": "3.2.2",
                    "CLUMPAK": 1.1
                },
                "CVSUM": {
                    "AdmixPipe": "3.2.2"
                },
                "DECOMPRESS_VCF": {
                    "htslib": 1.24,
                    "xz": "5.8.3"
                },
                "DISTRUCT": {
                    "AdmixPipe": "3.2.2",
                    "distruct": 1.1,
                    "ghostscript": 9.5
                },
                "EVALADMIX": {
                    "AdmixPipe": "3.2.2"
                },
                "FIND_CANDIDATES": {
                    "awk": "5.1.0"
                },
                "NH_PLOT_CLASSIFICATIONS": {
                    "plotly": "6.1.2"
                },
                "NH_PLOT_SIMULATION": {
                    "plotly": "6.1.2"
                },
                "NH_PLOT_SPATIAL": {
                    "geopandas": "1.1.1",
                    "folium": "0.20.0"
                },
                "NH_PLOT_TRACE": {
                    "plotly": "6.1.2"
                },
                "NH_SUMMARY_TABLE": {
                    "plotly": "6.1.2"
                },
                "PLOT_ADMIXTURE": {
                    "plotly": "6.1.2"
                },
                "PLOT_EVALADMIX": {
                    "plotly": "6.1.2"
                },
                "POWER_ANALYSIS": {
                    "newhybrids": "newhybrids -- VERSION: 2.0+ Developmental.  July/August 2007"
                },
                "RUN_NEWHYBRIDS": {
                    "newhybrids": "newhybrids -- VERSION: 2.0+ Developmental.  July/August 2007"
                },
                "SNPIO_FILTER": {
                    "SNPio": "1.7.6"
                },
                "SNPIO_POPFILTER": {
                    "SNPio": "1.7.6"
                },
                "SNPIO_SELECT": {
                    "SNPio": "1.7.6"
                },
                "TOP_LOCI_FST": {
                    "vcftools": "0.1.16"
                },
                "Workflow": {
                    "aCaMEL/hybridclassification": "v1.0dev"
                }
            },
            [
                "CAMANO_CAMOLI",
                "CAMANO_CAMOLI/admixpipe",
                "CAMANO_CAMOLI/admixpipe/admixturepipeline",
                "CAMANO_CAMOLI/admixpipe/admixturepipeline/CAMANO_CAMOLI.1_0.P",
                "CAMANO_CAMOLI/admixpipe/admixturepipeline/CAMANO_CAMOLI.1_0.Q",
                "CAMANO_CAMOLI/admixpipe/admixturepipeline/CAMANO_CAMOLI.1_0.stdout",
                "CAMANO_CAMOLI/admixpipe/admixturepipeline/CAMANO_CAMOLI.1_1.P",
                "CAMANO_CAMOLI/admixpipe/admixturepipeline/CAMANO_CAMOLI.1_1.Q",
                "CAMANO_CAMOLI/admixpipe/admixturepipeline/CAMANO_CAMOLI.1_1.stdout",
                "CAMANO_CAMOLI/admixpipe/admixturepipeline/CAMANO_CAMOLI.2_0.P",
                "CAMANO_CAMOLI/admixpipe/admixturepipeline/CAMANO_CAMOLI.2_0.Q",
                "CAMANO_CAMOLI/admixpipe/admixturepipeline/CAMANO_CAMOLI.2_0.stdout",
                "CAMANO_CAMOLI/admixpipe/admixturepipeline/CAMANO_CAMOLI.2_1.P",
                "CAMANO_CAMOLI/admixpipe/admixturepipeline/CAMANO_CAMOLI.2_1.Q",
                "CAMANO_CAMOLI/admixpipe/admixturepipeline/CAMANO_CAMOLI.2_1.stdout",
                "CAMANO_CAMOLI/admixpipe/admixturepipeline/CAMANO_CAMOLI.map",
                "CAMANO_CAMOLI/admixpipe/admixturepipeline/CAMANO_CAMOLI.ped",
                "CAMANO_CAMOLI/admixpipe/admixturepipeline/CAMANO_CAMOLI.qfiles.json",
                "CAMANO_CAMOLI/admixpipe/admixturepipeline/CAMANO_CAMOLI_inds.txt",
                "CAMANO_CAMOLI/admixpipe/admixturepipeline/CAMANO_CAMOLI_pops.txt",
                "CAMANO_CAMOLI/admixpipe/admixturepipeline/admixturePipeline.json",
                "CAMANO_CAMOLI/admixpipe/admixturepipeline/results.zip",
                "CAMANO_CAMOLI/admixpipe/bestk",
                "CAMANO_CAMOLI/admixpipe/bestk/CAMANO_CAMOLI_bestK.txt",
                "CAMANO_CAMOLI/admixpipe/bestk/CAMANO_CAMOLI_best_clumpp_indfile.out",
                "CAMANO_CAMOLI/admixpipe/bestk/CAMANO_CAMOLI_k2_clumpp_indfile.out",
                "CAMANO_CAMOLI/admixpipe/clumpak",
                "CAMANO_CAMOLI/admixpipe/clumpak/clumpakOutput",
                "CAMANO_CAMOLI/admixpipe/clumpak/clumpakOutput/AdmixturePopIdToPopName",
                "CAMANO_CAMOLI/admixpipe/clumpak/clumpakOutput/K=1",
                "CAMANO_CAMOLI/admixpipe/clumpak/clumpakOutput/K=1.MajorCluster.png",
                "CAMANO_CAMOLI/admixpipe/clumpak/clumpakOutput/K=1/CLUMPP.files",
                "CAMANO_CAMOLI/admixpipe/clumpak/clumpakOutput/K=1/CLUMPP.files/ClumppIndFile",
                "CAMANO_CAMOLI/admixpipe/clumpak/clumpakOutput/K=1/CLUMPP.files/ClumppIndFile.output",
                "CAMANO_CAMOLI/admixpipe/clumpak/clumpakOutput/K=1/CLUMPP.files/ClumppPairMatrix",
                "CAMANO_CAMOLI/admixpipe/clumpak/clumpakOutput/K=1/CLUMPP.files/FilesToIndex",
                "CAMANO_CAMOLI/admixpipe/clumpak/clumpakOutput/K=1/MCL.files",
                "CAMANO_CAMOLI/admixpipe/clumpak/clumpakOutput/K=1/MCL.files/MCL.clusters",
                "CAMANO_CAMOLI/admixpipe/clumpak/clumpakOutput/K=1/MCL.files/MCL.out",
                "CAMANO_CAMOLI/admixpipe/clumpak/clumpakOutput/K=1/MCL.files/clumppPairMatrixChoped",
                "CAMANO_CAMOLI/admixpipe/clumpak/clumpakOutput/K=1/MCL.files/mcxtable",
                "CAMANO_CAMOLI/admixpipe/clumpak/clumpakOutput/K=1/MajorCluster",
                "CAMANO_CAMOLI/admixpipe/clumpak/clumpakOutput/K=1/MajorCluster/CLUMPP.files",
                "CAMANO_CAMOLI/admixpipe/clumpak/clumpakOutput/K=1/MajorCluster/CLUMPP.files/ClumppIndFile",
                "CAMANO_CAMOLI/admixpipe/clumpak/clumpakOutput/K=1/MajorCluster/CLUMPP.files/ClumppIndFile.output",
                "CAMANO_CAMOLI/admixpipe/clumpak/clumpakOutput/K=1/MajorCluster/CLUMPP.files/ClumppPairMatrix",
                "CAMANO_CAMOLI/admixpipe/clumpak/clumpakOutput/K=1/MajorCluster/CLUMPP.files/ClumppPopFile",
                "CAMANO_CAMOLI/admixpipe/clumpak/clumpakOutput/K=1/MajorCluster/CLUMPP.files/FilesToIndex",
                "CAMANO_CAMOLI/admixpipe/clumpak/clumpakOutput/K=1/MajorCluster/clusterFiles",
                "CAMANO_CAMOLI/admixpipe/clumpak/clumpakOutput/K=1/MajorCluster/distructOutput.pdf",
                "CAMANO_CAMOLI/admixpipe/clumpak/clumpakOutput/K=1/MajorCluster/distructOutput.png",
                "CAMANO_CAMOLI/admixpipe/clumpak/clumpakOutput/K=1/MajorCluster/distructOutput.ps",
                "CAMANO_CAMOLI/admixpipe/clumpak/clumpakOutput/K=1/MajorCluster/distructOutput.sh",
                "CAMANO_CAMOLI/admixpipe/clumpak/clumpakOutput/K=1/MajorCluster/drawparams",
                "CAMANO_CAMOLI/admixpipe/clumpak/clumpakOutput/K=2",
                "CAMANO_CAMOLI/admixpipe/clumpak/clumpakOutput/K=2.MajorCluster.png",
                "CAMANO_CAMOLI/admixpipe/clumpak/clumpakOutput/K=2/CLUMPP.files",
                "CAMANO_CAMOLI/admixpipe/clumpak/clumpakOutput/K=2/CLUMPP.files/ClumppCommands.sh",
                "CAMANO_CAMOLI/admixpipe/clumpak/clumpakOutput/K=2/CLUMPP.files/ClumppIndFile",
                "CAMANO_CAMOLI/admixpipe/clumpak/clumpakOutput/K=2/CLUMPP.files/ClumppIndFile.misc",
                "CAMANO_CAMOLI/admixpipe/clumpak/clumpakOutput/K=2/CLUMPP.files/ClumppIndFile.output",
                "CAMANO_CAMOLI/admixpipe/clumpak/clumpakOutput/K=2/CLUMPP.files/ClumppPairMatrix",
                "CAMANO_CAMOLI/admixpipe/clumpak/clumpakOutput/K=2/CLUMPP.files/FilesToIndex",
                "CAMANO_CAMOLI/admixpipe/clumpak/clumpakOutput/K=2/CLUMPP.files/clumpp.paramfile",
                "CAMANO_CAMOLI/admixpipe/clumpak/clumpakOutput/K=2/MCL.files",
                "CAMANO_CAMOLI/admixpipe/clumpak/clumpakOutput/K=2/MCL.files/MCL.clusters",
                "CAMANO_CAMOLI/admixpipe/clumpak/clumpakOutput/K=2/MCL.files/MCL.out",
                "CAMANO_CAMOLI/admixpipe/clumpak/clumpakOutput/K=2/MCL.files/clumppPairMatrixChoped",
                "CAMANO_CAMOLI/admixpipe/clumpak/clumpakOutput/K=2/MCL.files/mcxtable",
                "CAMANO_CAMOLI/admixpipe/clumpak/clumpakOutput/K=2/MajorCluster",
                "CAMANO_CAMOLI/admixpipe/clumpak/clumpakOutput/K=2/MajorCluster/CLUMPP.files",
                "CAMANO_CAMOLI/admixpipe/clumpak/clumpakOutput/K=2/MajorCluster/CLUMPP.files/ClumppCommands.sh",
                "CAMANO_CAMOLI/admixpipe/clumpak/clumpakOutput/K=2/MajorCluster/CLUMPP.files/ClumppIndFile",
                "CAMANO_CAMOLI/admixpipe/clumpak/clumpakOutput/K=2/MajorCluster/CLUMPP.files/ClumppIndFile.misc",
                "CAMANO_CAMOLI/admixpipe/clumpak/clumpakOutput/K=2/MajorCluster/CLUMPP.files/ClumppIndFile.output",
                "CAMANO_CAMOLI/admixpipe/clumpak/clumpakOutput/K=2/MajorCluster/CLUMPP.files/ClumppPopFile",
                "CAMANO_CAMOLI/admixpipe/clumpak/clumpakOutput/K=2/MajorCluster/CLUMPP.files/FilesToIndex",
                "CAMANO_CAMOLI/admixpipe/clumpak/clumpakOutput/K=2/MajorCluster/CLUMPP.files/clumpp.paramfile",
                "CAMANO_CAMOLI/admixpipe/clumpak/clumpakOutput/K=2/MajorCluster/clusterFiles",
                "CAMANO_CAMOLI/admixpipe/clumpak/clumpakOutput/K=2/MajorCluster/distructOutput.pdf",
                "CAMANO_CAMOLI/admixpipe/clumpak/clumpakOutput/K=2/MajorCluster/distructOutput.png",
                "CAMANO_CAMOLI/admixpipe/clumpak/clumpakOutput/K=2/MajorCluster/distructOutput.ps",
                "CAMANO_CAMOLI/admixpipe/clumpak/clumpakOutput/K=2/MajorCluster/distructOutput.sh",
                "CAMANO_CAMOLI/admixpipe/clumpak/clumpakOutput/K=2/MajorCluster/drawparams",
                "CAMANO_CAMOLI/admixpipe/clumpak/clumpakOutput/converted.input.files",
                "CAMANO_CAMOLI/admixpipe/clumpak/clumpakOutput/converted.input.files/CAMANO_CAMOLI.1_0.Q.converted",
                "CAMANO_CAMOLI/admixpipe/clumpak/clumpakOutput/converted.input.files/CAMANO_CAMOLI.1_1.Q.converted",
                "CAMANO_CAMOLI/admixpipe/clumpak/clumpakOutput/converted.input.files/CAMANO_CAMOLI.2_0.Q.converted",
                "CAMANO_CAMOLI/admixpipe/clumpak/clumpakOutput/converted.input.files/CAMANO_CAMOLI.2_1.Q.converted",
                "CAMANO_CAMOLI/admixpipe/clumpak/clumpakOutput/detectedModesSummery.log",
                "CAMANO_CAMOLI/admixpipe/clumpak/clumpakOutput/images_to_display.dat",
                "CAMANO_CAMOLI/admixpipe/clumpak/clumpakOutput/input.files",
                "CAMANO_CAMOLI/admixpipe/clumpak/clumpakOutput/input.files/CAMANO_CAMOLI.1_0.Q",
                "CAMANO_CAMOLI/admixpipe/clumpak/clumpakOutput/input.files/CAMANO_CAMOLI.1_1.Q",
                "CAMANO_CAMOLI/admixpipe/clumpak/clumpakOutput/input.files/CAMANO_CAMOLI.2_0.Q",
                "CAMANO_CAMOLI/admixpipe/clumpak/clumpakOutput/input.files/CAMANO_CAMOLI.2_1.Q",
                "CAMANO_CAMOLI/admixpipe/clumpak/clumpakOutput/output.log",
                "CAMANO_CAMOLI/admixpipe/clumpak/clumpakOutput/output_files.dat",
                "CAMANO_CAMOLI/admixpipe/cvsum",
                "CAMANO_CAMOLI/admixpipe/cvsum/cv_file.MajClust.png",
                "CAMANO_CAMOLI/admixpipe/cvsum/cv_output.txt",
                "CAMANO_CAMOLI/admixpipe/cvsum/ll_output.txt",
                "CAMANO_CAMOLI/admixpipe/cvsum/loglikelihood_file.MajClust.png",
                "CAMANO_CAMOLI/admixpipe/decompress_vcf",
                "CAMANO_CAMOLI/admixpipe/decompress_vcf/CAMANO_CAMOLI.vcf",
                "CAMANO_CAMOLI/admixpipe/distruct",
                "CAMANO_CAMOLI/admixpipe/distruct/K1.pdf",
                "CAMANO_CAMOLI/admixpipe/distruct/K2.pdf",
                "CAMANO_CAMOLI/admixpipe/distruct/MajorClusterRuns.txt",
                "CAMANO_CAMOLI/admixpipe/distruct/clumpakOutput",
                "CAMANO_CAMOLI/admixpipe/distruct/clumpakOutput/best_results",
                "CAMANO_CAMOLI/admixpipe/distruct/clumpakOutput/best_results/AdmixturePopIdToPopName",
                "CAMANO_CAMOLI/admixpipe/distruct/clumpakOutput/best_results/ClumppIndFile.output.1",
                "CAMANO_CAMOLI/admixpipe/distruct/clumpakOutput/best_results/ClumppIndFile.output.2",
                "CAMANO_CAMOLI/admixpipe/distruct/clumpakOutput/best_results/ClumppPopFile.1",
                "CAMANO_CAMOLI/admixpipe/distruct/clumpakOutput/best_results/ClumppPopFile.2",
                "CAMANO_CAMOLI/admixpipe/distruct/clumpakOutput/best_results/K1.ps",
                "CAMANO_CAMOLI/admixpipe/distruct/clumpakOutput/best_results/K2.ps",
                "CAMANO_CAMOLI/admixpipe/distruct/clumpakOutput/best_results/drawparams.1",
                "CAMANO_CAMOLI/admixpipe/distruct/clumpakOutput/best_results/drawparams.2",
                "CAMANO_CAMOLI/admixpipe/distruct/cvRuns.json",
                "CAMANO_CAMOLI/admixpipe/distruct/cv_file.MajClust.txt",
                "CAMANO_CAMOLI/admixpipe/distruct/loglikelihood_file.MajClust.txt",
                "CAMANO_CAMOLI/admixpipe/distruct/qfilePaths.json",
                "CAMANO_CAMOLI/admixpipe/evaladmix",
                "CAMANO_CAMOLI/admixpipe/evaladmix/1.png",
                "CAMANO_CAMOLI/admixpipe/evaladmix/2.png",
                "CAMANO_CAMOLI/admixpipe/evaladmix/CAMANO_CAMOLI.1_0.corres",
                "CAMANO_CAMOLI/admixpipe/evaladmix/CAMANO_CAMOLI.1_0.corres.png",
                "CAMANO_CAMOLI/admixpipe/evaladmix/CAMANO_CAMOLI.1_1.corres",
                "CAMANO_CAMOLI/admixpipe/evaladmix/CAMANO_CAMOLI.1_1.corres.png",
                "CAMANO_CAMOLI/admixpipe/evaladmix/CAMANO_CAMOLI.2_0.corres",
                "CAMANO_CAMOLI/admixpipe/evaladmix/CAMANO_CAMOLI.2_0.corres.png",
                "CAMANO_CAMOLI/admixpipe/evaladmix/CAMANO_CAMOLI.2_1.corres",
                "CAMANO_CAMOLI/admixpipe/evaladmix/CAMANO_CAMOLI.2_1.corres.png",
                "CAMANO_CAMOLI/admixpipe/evaladmix/CAMANO_CAMOLI.fam",
                "CAMANO_CAMOLI/find",
                "CAMANO_CAMOLI/find/CAMANO_CAMOLI_popmap.tsv",
                "CAMANO_CAMOLI/mask",
                "CAMANO_CAMOLI/mask/CAMANO_CAMOLI_mask_table.tsv",
                "CAMANO_CAMOLI/mask/CAMANO_CAMOLI_masked_samples.txt",
                "CAMANO_CAMOLI/newhybrids",
                "CAMANO_CAMOLI/newhybrids/CAMANO_CAMOLI_NH_index_map.tsv",
                "CAMANO_CAMOLI/newhybrids/CAMANO_CAMOLI_NewHybrids.txt",
                "CAMANO_CAMOLI/newhybrids/CAMANO_CAMOLI_nh_results.txt",
                "CAMANO_CAMOLI/newhybrids/EchoedGtypData.txt",
                "CAMANO_CAMOLI/newhybrids/aa-EchoedGtypFreqCats.txt",
                "CAMANO_CAMOLI/newhybrids/aa-LociAndAlleles.txt",
                "CAMANO_CAMOLI/newhybrids/aa-Pi.aves",
                "CAMANO_CAMOLI/newhybrids/aa-Pi.hist",
                "CAMANO_CAMOLI/newhybrids/aa-PofZ.txt",
                "CAMANO_CAMOLI/newhybrids/aa-ScaledLikelihood.txt",
                "CAMANO_CAMOLI/newhybrids/aa-Theta.hist",
                "CAMANO_CAMOLI/newhybrids/aa-ThetaAverages.txt",
                "CAMANO_CAMOLI/newhybrids/pi_trace.tsv",
                "CAMANO_CAMOLI/nh",
                "CAMANO_CAMOLI/nh/CAMANO_CAMOLI_nh_classifications_mqc.html",
                "CAMANO_CAMOLI/nh/CAMANO_CAMOLI_nh_hybrids.txt",
                "CAMANO_CAMOLI/nh/CAMANO_CAMOLI_nh_hybrids_masked.txt",
                "CAMANO_CAMOLI/nh/CAMANO_CAMOLI_nh_outliers_mqc.html",
                "CAMANO_CAMOLI/nh/CAMANO_CAMOLI_nh_sim_mqc.html",
                "CAMANO_CAMOLI/nh/CAMANO_CAMOLI_nh_spatial_mqc.html",
                "CAMANO_CAMOLI/nh/CAMANO_CAMOLI_nh_summary_mask_mqc.json",
                "CAMANO_CAMOLI/nh/CAMANO_CAMOLI_nh_summary_mqc.json",
                "CAMANO_CAMOLI/nh/CAMANO_CAMOLI_nh_trace_mqc.html",
                "CAMANO_CAMOLI/nh/CAMANO_CAMOLI_points.tsv",
                "CAMANO_CAMOLI/plot",
                "CAMANO_CAMOLI/plot/CAMANO_CAMOLI_admixture_bestk_mqc.html",
                "CAMANO_CAMOLI/plot/CAMANO_CAMOLI_evaladmix_k2_mqc.html",
                "CAMANO_CAMOLI/plot/CAMANO_CAMOLI_triangle_mqc.html",
                "CAMANO_CAMOLI/power_analysis",
                "CAMANO_CAMOLI/power_analysis/newhybrids",
                "CAMANO_CAMOLI/power_analysis/newhybrids/CAMANO_CAMOLI_nh_results.txt",
                "CAMANO_CAMOLI/power_analysis/newhybrids/EchoedGtypData.txt",
                "CAMANO_CAMOLI/power_analysis/newhybrids/aa-EchoedGtypFreqCats.txt",
                "CAMANO_CAMOLI/power_analysis/newhybrids/aa-LociAndAlleles.txt",
                "CAMANO_CAMOLI/power_analysis/newhybrids/aa-Pi.aves",
                "CAMANO_CAMOLI/power_analysis/newhybrids/aa-Pi.hist",
                "CAMANO_CAMOLI/power_analysis/newhybrids/aa-PofZ.txt",
                "CAMANO_CAMOLI/power_analysis/newhybrids/aa-ScaledLikelihood.txt",
                "CAMANO_CAMOLI/power_analysis/newhybrids/aa-Theta.hist",
                "CAMANO_CAMOLI/power_analysis/newhybrids/aa-ThetaAverages.txt",
                "CAMANO_CAMOLI/power_analysis/newhybrids/pi_trace.tsv",
                "CAMANO_CAMOLI/power_analysis/simulated_data",
                "CAMANO_CAMOLI/power_analysis/simulated_data/CAMANO_CAMOLI_NH_index_map.tsv",
                "CAMANO_CAMOLI/power_analysis/simulated_data/CAMANO_CAMOLI_NewHybrids.txt",
                "CAMANO_CAMOLI/power_analysis/simulated_data/CAMANO_CAMOLI_simulation.tsv",
                "CAMANO_CAMOLI/power_analysis/simulated_data/CAMANO_CAMOLI_simulation.vcf",
                "CAMANO_CAMOLI/report",
                "CAMANO_CAMOLI/report/multiqc_data",
                "CAMANO_CAMOLI/report/multiqc_data/llms-full.txt",
                "CAMANO_CAMOLI/report/multiqc_data/multiqc.log",
                "CAMANO_CAMOLI/report/multiqc_data/multiqc.parquet",
                "CAMANO_CAMOLI/report/multiqc_data/multiqc_citations.txt",
                "CAMANO_CAMOLI/report/multiqc_data/multiqc_data.json",
                "CAMANO_CAMOLI/report/multiqc_data/multiqc_nh_summary_table.txt",
                "CAMANO_CAMOLI/report/multiqc_data/multiqc_nh_summary_table_masked.txt",
                "CAMANO_CAMOLI/report/multiqc_data/multiqc_software_versions.txt",
                "CAMANO_CAMOLI/report/multiqc_data/multiqc_sources.txt",
                "CAMANO_CAMOLI/report/multiqc_report.html",
                "CAMANO_CAMOLI/selected_loci",
                "CAMANO_CAMOLI/selected_loci/CAMANO_CAMOLI_fst_per_locus.tsv",
                "CAMANO_CAMOLI/selected_loci/CAMANO_CAMOLI_top100_fst.vcf",
                "CAMANO_CAMOLI/snpio",
                "CAMANO_CAMOLI/snpio/snpio_filter",
                "CAMANO_CAMOLI/snpio/snpio_filter/CAMANO_CAMOLI.filter.vcf.gz",
                "CAMANO_CAMOLI/snpio/snpio_filter/CAMANO_CAMOLI.filter.vcf.gz.tbi",
                "CAMANO_CAMOLI/snpio/snpio_filter/CAMANO_CAMOLI_output",
                "CAMANO_CAMOLI/snpio/snpio_filter/CAMANO_CAMOLI_output/data",
                "CAMANO_CAMOLI/snpio/snpio_filter/CAMANO_CAMOLI_output/data/vcf",
                "CAMANO_CAMOLI/snpio/snpio_filter/CAMANO_CAMOLI_output/data/vcf/nremover",
                "CAMANO_CAMOLI/snpio/snpio_filter/CAMANO_CAMOLI_output/data/vcf/vcf_attributes.h5",
                "CAMANO_CAMOLI/snpio/snpio_filter/CAMANO_CAMOLI_output/logs",
                "CAMANO_CAMOLI/snpio/snpio_filter/CAMANO_CAMOLI_output/logs/snpio.io.vcf_reader.log",
                "CAMANO_CAMOLI/snpio/snpio_filter/CAMANO_CAMOLI_output/logs/snpio.plotting.plotting.log",
                "CAMANO_CAMOLI/snpio/snpio_filter/CAMANO_CAMOLI_output/logs/snpio.read_input.genotype_data.log",
                "CAMANO_CAMOLI/snpio/snpio_filter/CAMANO_CAMOLI_output/logs/snpio.read_input.genotype_data_base.log",
                "CAMANO_CAMOLI/snpio/snpio_filter/CAMANO_CAMOLI_output/plots",
                "CAMANO_CAMOLI/snpio/snpio_filter/CAMANO_CAMOLI_output/plots/nremover",
                "CAMANO_CAMOLI/snpio/snpio_filter/CAMANO_CAMOLI_output/plots/nremover/filtering",
                "CAMANO_CAMOLI/snpio/snpio_filter/CAMANO_CAMOLI_output/plots/nremover/filtering/filtering_results_sankey_mqc.html",
                "CAMANO_CAMOLI/snpio/snpio_filter/CAMANO_CAMOLI_output/reports",
                "CAMANO_CAMOLI/snpio/snpio_filter/CAMANO_CAMOLI_output/reports/missingness",
                "CAMANO_CAMOLI/snpio/snpio_filter/CAMANO_CAMOLI_output/reports/missingness/locus_missingness.tsv.gz",
                "CAMANO_CAMOLI/snpio/snpio_filter/CAMANO_CAMOLI_output/reports/missingness/population_locus_missingness.tsv.gz",
                "CAMANO_CAMOLI/snpio/snpio_popfilter",
                "CAMANO_CAMOLI/snpio/snpio_popfilter/CAMANO_CAMOLI.temp.filtered.vcf.gz",
                "CAMANO_CAMOLI/snpio/snpio_popfilter/CAMANO_CAMOLI.temp.filtered.vcf.gz.tbi",
                "CAMANO_CAMOLI/snpio/snpio_popfilter/CAMANO_CAMOLI.temp_output",
                "CAMANO_CAMOLI/snpio/snpio_popfilter/CAMANO_CAMOLI.temp_output/data",
                "CAMANO_CAMOLI/snpio/snpio_popfilter/CAMANO_CAMOLI.temp_output/data/vcf",
                "CAMANO_CAMOLI/snpio/snpio_popfilter/CAMANO_CAMOLI.temp_output/data/vcf/nremover",
                "CAMANO_CAMOLI/snpio/snpio_popfilter/CAMANO_CAMOLI.temp_output/data/vcf/vcf_attributes.h5",
                "CAMANO_CAMOLI/snpio/snpio_popfilter/CAMANO_CAMOLI.temp_output/logs",
                "CAMANO_CAMOLI/snpio/snpio_popfilter/CAMANO_CAMOLI.temp_output/logs/snpio.io.vcf_reader.log",
                "CAMANO_CAMOLI/snpio/snpio_popfilter/CAMANO_CAMOLI.temp_output/logs/snpio.plotting.plotting.log",
                "CAMANO_CAMOLI/snpio/snpio_popfilter/CAMANO_CAMOLI.temp_output/logs/snpio.read_input.genotype_data.log",
                "CAMANO_CAMOLI/snpio/snpio_popfilter/CAMANO_CAMOLI.temp_output/logs/snpio.read_input.genotype_data_base.log",
                "CAMANO_CAMOLI/snpio/snpio_select",
                "CAMANO_CAMOLI/snpio/snpio_select/CAMANO_CAMOLI.subset.vcf.gz",
                "CAMANO_CAMOLI/snpio/snpio_select/CAMANO_CAMOLI.subset.vcf.gz.tbi",
                "CAMANO_CAMOLI/triangle",
                "CAMANO_CAMOLI/triangle/CAMANO_CAMOLI_classification_popmap.tsv",
                "CAMANO_CAMOLI/triangle/CAMANO_CAMOLI_hindex.tsv",
                "CAMANO_CAMOLI/triangle/CAMANO_CAMOLI_hindex_fixed.tsv",
                "CAMANO_CHRERY",
                "CAMANO_CHRERY/admixpipe",
                "CAMANO_CHRERY/admixpipe/admixturepipeline",
                "CAMANO_CHRERY/admixpipe/admixturepipeline/CAMANO_CHRERY.1_0.P",
                "CAMANO_CHRERY/admixpipe/admixturepipeline/CAMANO_CHRERY.1_0.Q",
                "CAMANO_CHRERY/admixpipe/admixturepipeline/CAMANO_CHRERY.1_0.stdout",
                "CAMANO_CHRERY/admixpipe/admixturepipeline/CAMANO_CHRERY.1_1.P",
                "CAMANO_CHRERY/admixpipe/admixturepipeline/CAMANO_CHRERY.1_1.Q",
                "CAMANO_CHRERY/admixpipe/admixturepipeline/CAMANO_CHRERY.1_1.stdout",
                "CAMANO_CHRERY/admixpipe/admixturepipeline/CAMANO_CHRERY.2_0.P",
                "CAMANO_CHRERY/admixpipe/admixturepipeline/CAMANO_CHRERY.2_0.Q",
                "CAMANO_CHRERY/admixpipe/admixturepipeline/CAMANO_CHRERY.2_0.stdout",
                "CAMANO_CHRERY/admixpipe/admixturepipeline/CAMANO_CHRERY.2_1.P",
                "CAMANO_CHRERY/admixpipe/admixturepipeline/CAMANO_CHRERY.2_1.Q",
                "CAMANO_CHRERY/admixpipe/admixturepipeline/CAMANO_CHRERY.2_1.stdout",
                "CAMANO_CHRERY/admixpipe/admixturepipeline/CAMANO_CHRERY.map",
                "CAMANO_CHRERY/admixpipe/admixturepipeline/CAMANO_CHRERY.ped",
                "CAMANO_CHRERY/admixpipe/admixturepipeline/CAMANO_CHRERY.qfiles.json",
                "CAMANO_CHRERY/admixpipe/admixturepipeline/CAMANO_CHRERY_inds.txt",
                "CAMANO_CHRERY/admixpipe/admixturepipeline/CAMANO_CHRERY_pops.txt",
                "CAMANO_CHRERY/admixpipe/admixturepipeline/admixturePipeline.json",
                "CAMANO_CHRERY/admixpipe/admixturepipeline/results.zip",
                "CAMANO_CHRERY/admixpipe/bestk",
                "CAMANO_CHRERY/admixpipe/bestk/CAMANO_CHRERY_bestK.txt",
                "CAMANO_CHRERY/admixpipe/bestk/CAMANO_CHRERY_best_clumpp_indfile.out",
                "CAMANO_CHRERY/admixpipe/bestk/CAMANO_CHRERY_k2_clumpp_indfile.out",
                "CAMANO_CHRERY/admixpipe/clumpak",
                "CAMANO_CHRERY/admixpipe/clumpak/clumpakOutput",
                "CAMANO_CHRERY/admixpipe/clumpak/clumpakOutput/AdmixturePopIdToPopName",
                "CAMANO_CHRERY/admixpipe/clumpak/clumpakOutput/K=1",
                "CAMANO_CHRERY/admixpipe/clumpak/clumpakOutput/K=1.MajorCluster.png",
                "CAMANO_CHRERY/admixpipe/clumpak/clumpakOutput/K=1/CLUMPP.files",
                "CAMANO_CHRERY/admixpipe/clumpak/clumpakOutput/K=1/CLUMPP.files/ClumppIndFile",
                "CAMANO_CHRERY/admixpipe/clumpak/clumpakOutput/K=1/CLUMPP.files/ClumppIndFile.output",
                "CAMANO_CHRERY/admixpipe/clumpak/clumpakOutput/K=1/CLUMPP.files/ClumppPairMatrix",
                "CAMANO_CHRERY/admixpipe/clumpak/clumpakOutput/K=1/CLUMPP.files/FilesToIndex",
                "CAMANO_CHRERY/admixpipe/clumpak/clumpakOutput/K=1/MCL.files",
                "CAMANO_CHRERY/admixpipe/clumpak/clumpakOutput/K=1/MCL.files/MCL.clusters",
                "CAMANO_CHRERY/admixpipe/clumpak/clumpakOutput/K=1/MCL.files/MCL.out",
                "CAMANO_CHRERY/admixpipe/clumpak/clumpakOutput/K=1/MCL.files/clumppPairMatrixChoped",
                "CAMANO_CHRERY/admixpipe/clumpak/clumpakOutput/K=1/MCL.files/mcxtable",
                "CAMANO_CHRERY/admixpipe/clumpak/clumpakOutput/K=1/MajorCluster",
                "CAMANO_CHRERY/admixpipe/clumpak/clumpakOutput/K=1/MajorCluster/CLUMPP.files",
                "CAMANO_CHRERY/admixpipe/clumpak/clumpakOutput/K=1/MajorCluster/CLUMPP.files/ClumppIndFile",
                "CAMANO_CHRERY/admixpipe/clumpak/clumpakOutput/K=1/MajorCluster/CLUMPP.files/ClumppIndFile.output",
                "CAMANO_CHRERY/admixpipe/clumpak/clumpakOutput/K=1/MajorCluster/CLUMPP.files/ClumppPairMatrix",
                "CAMANO_CHRERY/admixpipe/clumpak/clumpakOutput/K=1/MajorCluster/CLUMPP.files/ClumppPopFile",
                "CAMANO_CHRERY/admixpipe/clumpak/clumpakOutput/K=1/MajorCluster/CLUMPP.files/FilesToIndex",
                "CAMANO_CHRERY/admixpipe/clumpak/clumpakOutput/K=1/MajorCluster/clusterFiles",
                "CAMANO_CHRERY/admixpipe/clumpak/clumpakOutput/K=1/MajorCluster/distructOutput.pdf",
                "CAMANO_CHRERY/admixpipe/clumpak/clumpakOutput/K=1/MajorCluster/distructOutput.png",
                "CAMANO_CHRERY/admixpipe/clumpak/clumpakOutput/K=1/MajorCluster/distructOutput.ps",
                "CAMANO_CHRERY/admixpipe/clumpak/clumpakOutput/K=1/MajorCluster/distructOutput.sh",
                "CAMANO_CHRERY/admixpipe/clumpak/clumpakOutput/K=1/MajorCluster/drawparams",
                "CAMANO_CHRERY/admixpipe/clumpak/clumpakOutput/K=2",
                "CAMANO_CHRERY/admixpipe/clumpak/clumpakOutput/K=2.MajorCluster.png",
                "CAMANO_CHRERY/admixpipe/clumpak/clumpakOutput/K=2/CLUMPP.files",
                "CAMANO_CHRERY/admixpipe/clumpak/clumpakOutput/K=2/CLUMPP.files/ClumppCommands.sh",
                "CAMANO_CHRERY/admixpipe/clumpak/clumpakOutput/K=2/CLUMPP.files/ClumppIndFile",
                "CAMANO_CHRERY/admixpipe/clumpak/clumpakOutput/K=2/CLUMPP.files/ClumppIndFile.misc",
                "CAMANO_CHRERY/admixpipe/clumpak/clumpakOutput/K=2/CLUMPP.files/ClumppIndFile.output",
                "CAMANO_CHRERY/admixpipe/clumpak/clumpakOutput/K=2/CLUMPP.files/ClumppPairMatrix",
                "CAMANO_CHRERY/admixpipe/clumpak/clumpakOutput/K=2/CLUMPP.files/FilesToIndex",
                "CAMANO_CHRERY/admixpipe/clumpak/clumpakOutput/K=2/CLUMPP.files/clumpp.paramfile",
                "CAMANO_CHRERY/admixpipe/clumpak/clumpakOutput/K=2/MCL.files",
                "CAMANO_CHRERY/admixpipe/clumpak/clumpakOutput/K=2/MCL.files/MCL.clusters",
                "CAMANO_CHRERY/admixpipe/clumpak/clumpakOutput/K=2/MCL.files/MCL.out",
                "CAMANO_CHRERY/admixpipe/clumpak/clumpakOutput/K=2/MCL.files/clumppPairMatrixChoped",
                "CAMANO_CHRERY/admixpipe/clumpak/clumpakOutput/K=2/MCL.files/mcxtable",
                "CAMANO_CHRERY/admixpipe/clumpak/clumpakOutput/K=2/MajorCluster",
                "CAMANO_CHRERY/admixpipe/clumpak/clumpakOutput/K=2/MajorCluster/CLUMPP.files",
                "CAMANO_CHRERY/admixpipe/clumpak/clumpakOutput/K=2/MajorCluster/CLUMPP.files/ClumppCommands.sh",
                "CAMANO_CHRERY/admixpipe/clumpak/clumpakOutput/K=2/MajorCluster/CLUMPP.files/ClumppIndFile",
                "CAMANO_CHRERY/admixpipe/clumpak/clumpakOutput/K=2/MajorCluster/CLUMPP.files/ClumppIndFile.misc",
                "CAMANO_CHRERY/admixpipe/clumpak/clumpakOutput/K=2/MajorCluster/CLUMPP.files/ClumppIndFile.output",
                "CAMANO_CHRERY/admixpipe/clumpak/clumpakOutput/K=2/MajorCluster/CLUMPP.files/ClumppPopFile",
                "CAMANO_CHRERY/admixpipe/clumpak/clumpakOutput/K=2/MajorCluster/CLUMPP.files/FilesToIndex",
                "CAMANO_CHRERY/admixpipe/clumpak/clumpakOutput/K=2/MajorCluster/CLUMPP.files/clumpp.paramfile",
                "CAMANO_CHRERY/admixpipe/clumpak/clumpakOutput/K=2/MajorCluster/clusterFiles",
                "CAMANO_CHRERY/admixpipe/clumpak/clumpakOutput/K=2/MajorCluster/distructOutput.pdf",
                "CAMANO_CHRERY/admixpipe/clumpak/clumpakOutput/K=2/MajorCluster/distructOutput.png",
                "CAMANO_CHRERY/admixpipe/clumpak/clumpakOutput/K=2/MajorCluster/distructOutput.ps",
                "CAMANO_CHRERY/admixpipe/clumpak/clumpakOutput/K=2/MajorCluster/distructOutput.sh",
                "CAMANO_CHRERY/admixpipe/clumpak/clumpakOutput/K=2/MajorCluster/drawparams",
                "CAMANO_CHRERY/admixpipe/clumpak/clumpakOutput/converted.input.files",
                "CAMANO_CHRERY/admixpipe/clumpak/clumpakOutput/converted.input.files/CAMANO_CHRERY.1_0.Q.converted",
                "CAMANO_CHRERY/admixpipe/clumpak/clumpakOutput/converted.input.files/CAMANO_CHRERY.1_1.Q.converted",
                "CAMANO_CHRERY/admixpipe/clumpak/clumpakOutput/converted.input.files/CAMANO_CHRERY.2_0.Q.converted",
                "CAMANO_CHRERY/admixpipe/clumpak/clumpakOutput/converted.input.files/CAMANO_CHRERY.2_1.Q.converted",
                "CAMANO_CHRERY/admixpipe/clumpak/clumpakOutput/detectedModesSummery.log",
                "CAMANO_CHRERY/admixpipe/clumpak/clumpakOutput/images_to_display.dat",
                "CAMANO_CHRERY/admixpipe/clumpak/clumpakOutput/input.files",
                "CAMANO_CHRERY/admixpipe/clumpak/clumpakOutput/input.files/CAMANO_CHRERY.1_0.Q",
                "CAMANO_CHRERY/admixpipe/clumpak/clumpakOutput/input.files/CAMANO_CHRERY.1_1.Q",
                "CAMANO_CHRERY/admixpipe/clumpak/clumpakOutput/input.files/CAMANO_CHRERY.2_0.Q",
                "CAMANO_CHRERY/admixpipe/clumpak/clumpakOutput/input.files/CAMANO_CHRERY.2_1.Q",
                "CAMANO_CHRERY/admixpipe/clumpak/clumpakOutput/output.log",
                "CAMANO_CHRERY/admixpipe/clumpak/clumpakOutput/output_files.dat",
                "CAMANO_CHRERY/admixpipe/cvsum",
                "CAMANO_CHRERY/admixpipe/cvsum/cv_file.MajClust.png",
                "CAMANO_CHRERY/admixpipe/cvsum/cv_output.txt",
                "CAMANO_CHRERY/admixpipe/cvsum/ll_output.txt",
                "CAMANO_CHRERY/admixpipe/cvsum/loglikelihood_file.MajClust.png",
                "CAMANO_CHRERY/admixpipe/decompress_vcf",
                "CAMANO_CHRERY/admixpipe/decompress_vcf/CAMANO_CHRERY.vcf",
                "CAMANO_CHRERY/admixpipe/distruct",
                "CAMANO_CHRERY/admixpipe/distruct/K1.pdf",
                "CAMANO_CHRERY/admixpipe/distruct/K2.pdf",
                "CAMANO_CHRERY/admixpipe/distruct/MajorClusterRuns.txt",
                "CAMANO_CHRERY/admixpipe/distruct/clumpakOutput",
                "CAMANO_CHRERY/admixpipe/distruct/clumpakOutput/best_results",
                "CAMANO_CHRERY/admixpipe/distruct/clumpakOutput/best_results/AdmixturePopIdToPopName",
                "CAMANO_CHRERY/admixpipe/distruct/clumpakOutput/best_results/ClumppIndFile.output.1",
                "CAMANO_CHRERY/admixpipe/distruct/clumpakOutput/best_results/ClumppIndFile.output.2",
                "CAMANO_CHRERY/admixpipe/distruct/clumpakOutput/best_results/ClumppPopFile.1",
                "CAMANO_CHRERY/admixpipe/distruct/clumpakOutput/best_results/ClumppPopFile.2",
                "CAMANO_CHRERY/admixpipe/distruct/clumpakOutput/best_results/K1.ps",
                "CAMANO_CHRERY/admixpipe/distruct/clumpakOutput/best_results/K2.ps",
                "CAMANO_CHRERY/admixpipe/distruct/clumpakOutput/best_results/drawparams.1",
                "CAMANO_CHRERY/admixpipe/distruct/clumpakOutput/best_results/drawparams.2",
                "CAMANO_CHRERY/admixpipe/distruct/cvRuns.json",
                "CAMANO_CHRERY/admixpipe/distruct/cv_file.MajClust.txt",
                "CAMANO_CHRERY/admixpipe/distruct/loglikelihood_file.MajClust.txt",
                "CAMANO_CHRERY/admixpipe/distruct/qfilePaths.json",
                "CAMANO_CHRERY/admixpipe/evaladmix",
                "CAMANO_CHRERY/admixpipe/evaladmix/1.png",
                "CAMANO_CHRERY/admixpipe/evaladmix/2.png",
                "CAMANO_CHRERY/admixpipe/evaladmix/CAMANO_CHRERY.1_0.corres",
                "CAMANO_CHRERY/admixpipe/evaladmix/CAMANO_CHRERY.1_0.corres.png",
                "CAMANO_CHRERY/admixpipe/evaladmix/CAMANO_CHRERY.1_1.corres",
                "CAMANO_CHRERY/admixpipe/evaladmix/CAMANO_CHRERY.1_1.corres.png",
                "CAMANO_CHRERY/admixpipe/evaladmix/CAMANO_CHRERY.2_0.corres",
                "CAMANO_CHRERY/admixpipe/evaladmix/CAMANO_CHRERY.2_0.corres.png",
                "CAMANO_CHRERY/admixpipe/evaladmix/CAMANO_CHRERY.2_1.corres",
                "CAMANO_CHRERY/admixpipe/evaladmix/CAMANO_CHRERY.2_1.corres.png",
                "CAMANO_CHRERY/admixpipe/evaladmix/CAMANO_CHRERY.fam",
                "CAMANO_CHRERY/find",
                "CAMANO_CHRERY/find/CAMANO_CHRERY_popmap.tsv",
                "CAMANO_CHRERY/mask",
                "CAMANO_CHRERY/mask/CAMANO_CHRERY_mask_table.tsv",
                "CAMANO_CHRERY/mask/CAMANO_CHRERY_masked_samples.txt",
                "CAMANO_CHRERY/newhybrids",
                "CAMANO_CHRERY/newhybrids/CAMANO_CHRERY_NH_index_map.tsv",
                "CAMANO_CHRERY/newhybrids/CAMANO_CHRERY_NewHybrids.txt",
                "CAMANO_CHRERY/newhybrids/CAMANO_CHRERY_nh_results.txt",
                "CAMANO_CHRERY/newhybrids/EchoedGtypData.txt",
                "CAMANO_CHRERY/newhybrids/aa-EchoedGtypFreqCats.txt",
                "CAMANO_CHRERY/newhybrids/aa-LociAndAlleles.txt",
                "CAMANO_CHRERY/newhybrids/aa-Pi.aves",
                "CAMANO_CHRERY/newhybrids/aa-Pi.hist",
                "CAMANO_CHRERY/newhybrids/aa-PofZ.txt",
                "CAMANO_CHRERY/newhybrids/aa-ScaledLikelihood.txt",
                "CAMANO_CHRERY/newhybrids/aa-Theta.hist",
                "CAMANO_CHRERY/newhybrids/aa-ThetaAverages.txt",
                "CAMANO_CHRERY/newhybrids/pi_trace.tsv",
                "CAMANO_CHRERY/nh",
                "CAMANO_CHRERY/nh/CAMANO_CHRERY_nh_classifications_mqc.html",
                "CAMANO_CHRERY/nh/CAMANO_CHRERY_nh_hybrids.txt",
                "CAMANO_CHRERY/nh/CAMANO_CHRERY_nh_hybrids_masked.txt",
                "CAMANO_CHRERY/nh/CAMANO_CHRERY_nh_outliers_mqc.html",
                "CAMANO_CHRERY/nh/CAMANO_CHRERY_nh_sim_mqc.html",
                "CAMANO_CHRERY/nh/CAMANO_CHRERY_nh_spatial_mqc.html",
                "CAMANO_CHRERY/nh/CAMANO_CHRERY_nh_summary_mask_mqc.json",
                "CAMANO_CHRERY/nh/CAMANO_CHRERY_nh_summary_mqc.json",
                "CAMANO_CHRERY/nh/CAMANO_CHRERY_nh_trace_mqc.html",
                "CAMANO_CHRERY/nh/CAMANO_CHRERY_points.tsv",
                "CAMANO_CHRERY/plot",
                "CAMANO_CHRERY/plot/CAMANO_CHRERY_admixture_bestk_mqc.html",
                "CAMANO_CHRERY/plot/CAMANO_CHRERY_evaladmix_k2_mqc.html",
                "CAMANO_CHRERY/plot/CAMANO_CHRERY_triangle_mqc.html",
                "CAMANO_CHRERY/power_analysis",
                "CAMANO_CHRERY/power_analysis/newhybrids",
                "CAMANO_CHRERY/power_analysis/newhybrids/CAMANO_CHRERY_nh_results.txt",
                "CAMANO_CHRERY/power_analysis/newhybrids/EchoedGtypData.txt",
                "CAMANO_CHRERY/power_analysis/newhybrids/aa-EchoedGtypFreqCats.txt",
                "CAMANO_CHRERY/power_analysis/newhybrids/aa-LociAndAlleles.txt",
                "CAMANO_CHRERY/power_analysis/newhybrids/aa-Pi.aves",
                "CAMANO_CHRERY/power_analysis/newhybrids/aa-Pi.hist",
                "CAMANO_CHRERY/power_analysis/newhybrids/aa-PofZ.txt",
                "CAMANO_CHRERY/power_analysis/newhybrids/aa-ScaledLikelihood.txt",
                "CAMANO_CHRERY/power_analysis/newhybrids/aa-Theta.hist",
                "CAMANO_CHRERY/power_analysis/newhybrids/aa-ThetaAverages.txt",
                "CAMANO_CHRERY/power_analysis/newhybrids/pi_trace.tsv",
                "CAMANO_CHRERY/power_analysis/simulated_data",
                "CAMANO_CHRERY/power_analysis/simulated_data/CAMANO_CHRERY_NH_index_map.tsv",
                "CAMANO_CHRERY/power_analysis/simulated_data/CAMANO_CHRERY_NewHybrids.txt",
                "CAMANO_CHRERY/power_analysis/simulated_data/CAMANO_CHRERY_simulation.tsv",
                "CAMANO_CHRERY/power_analysis/simulated_data/CAMANO_CHRERY_simulation.vcf",
                "CAMANO_CHRERY/report",
                "CAMANO_CHRERY/report/multiqc_data",
                "CAMANO_CHRERY/report/multiqc_data/llms-full.txt",
                "CAMANO_CHRERY/report/multiqc_data/multiqc.log",
                "CAMANO_CHRERY/report/multiqc_data/multiqc.parquet",
                "CAMANO_CHRERY/report/multiqc_data/multiqc_citations.txt",
                "CAMANO_CHRERY/report/multiqc_data/multiqc_data.json",
                "CAMANO_CHRERY/report/multiqc_data/multiqc_nh_summary_table.txt",
                "CAMANO_CHRERY/report/multiqc_data/multiqc_nh_summary_table_masked.txt",
                "CAMANO_CHRERY/report/multiqc_data/multiqc_software_versions.txt",
                "CAMANO_CHRERY/report/multiqc_data/multiqc_sources.txt",
                "CAMANO_CHRERY/report/multiqc_report.html",
                "CAMANO_CHRERY/selected_loci",
                "CAMANO_CHRERY/selected_loci/CAMANO_CHRERY_fst_per_locus.tsv",
                "CAMANO_CHRERY/selected_loci/CAMANO_CHRERY_top100_fst.vcf",
                "CAMANO_CHRERY/snpio",
                "CAMANO_CHRERY/snpio/snpio_filter",
                "CAMANO_CHRERY/snpio/snpio_filter/CAMANO_CHRERY.filter.vcf.gz",
                "CAMANO_CHRERY/snpio/snpio_filter/CAMANO_CHRERY.filter.vcf.gz.tbi",
                "CAMANO_CHRERY/snpio/snpio_filter/CAMANO_CHRERY_output",
                "CAMANO_CHRERY/snpio/snpio_filter/CAMANO_CHRERY_output/data",
                "CAMANO_CHRERY/snpio/snpio_filter/CAMANO_CHRERY_output/data/vcf",
                "CAMANO_CHRERY/snpio/snpio_filter/CAMANO_CHRERY_output/data/vcf/nremover",
                "CAMANO_CHRERY/snpio/snpio_filter/CAMANO_CHRERY_output/data/vcf/vcf_attributes.h5",
                "CAMANO_CHRERY/snpio/snpio_filter/CAMANO_CHRERY_output/logs",
                "CAMANO_CHRERY/snpio/snpio_filter/CAMANO_CHRERY_output/logs/snpio.io.vcf_reader.log",
                "CAMANO_CHRERY/snpio/snpio_filter/CAMANO_CHRERY_output/logs/snpio.plotting.plotting.log",
                "CAMANO_CHRERY/snpio/snpio_filter/CAMANO_CHRERY_output/logs/snpio.read_input.genotype_data.log",
                "CAMANO_CHRERY/snpio/snpio_filter/CAMANO_CHRERY_output/logs/snpio.read_input.genotype_data_base.log",
                "CAMANO_CHRERY/snpio/snpio_filter/CAMANO_CHRERY_output/plots",
                "CAMANO_CHRERY/snpio/snpio_filter/CAMANO_CHRERY_output/plots/nremover",
                "CAMANO_CHRERY/snpio/snpio_filter/CAMANO_CHRERY_output/plots/nremover/filtering",
                "CAMANO_CHRERY/snpio/snpio_filter/CAMANO_CHRERY_output/plots/nremover/filtering/filtering_results_sankey_mqc.html",
                "CAMANO_CHRERY/snpio/snpio_filter/CAMANO_CHRERY_output/reports",
                "CAMANO_CHRERY/snpio/snpio_filter/CAMANO_CHRERY_output/reports/missingness",
                "CAMANO_CHRERY/snpio/snpio_filter/CAMANO_CHRERY_output/reports/missingness/locus_missingness.tsv.gz",
                "CAMANO_CHRERY/snpio/snpio_filter/CAMANO_CHRERY_output/reports/missingness/population_locus_missingness.tsv.gz",
                "CAMANO_CHRERY/snpio/snpio_popfilter",
                "CAMANO_CHRERY/snpio/snpio_popfilter/CAMANO_CHRERY.temp.filtered.vcf.gz",
                "CAMANO_CHRERY/snpio/snpio_popfilter/CAMANO_CHRERY.temp.filtered.vcf.gz.tbi",
                "CAMANO_CHRERY/snpio/snpio_popfilter/CAMANO_CHRERY.temp_output",
                "CAMANO_CHRERY/snpio/snpio_popfilter/CAMANO_CHRERY.temp_output/data",
                "CAMANO_CHRERY/snpio/snpio_popfilter/CAMANO_CHRERY.temp_output/data/vcf",
                "CAMANO_CHRERY/snpio/snpio_popfilter/CAMANO_CHRERY.temp_output/data/vcf/nremover",
                "CAMANO_CHRERY/snpio/snpio_popfilter/CAMANO_CHRERY.temp_output/data/vcf/vcf_attributes.h5",
                "CAMANO_CHRERY/snpio/snpio_popfilter/CAMANO_CHRERY.temp_output/logs",
                "CAMANO_CHRERY/snpio/snpio_popfilter/CAMANO_CHRERY.temp_output/logs/snpio.io.vcf_reader.log",
                "CAMANO_CHRERY/snpio/snpio_popfilter/CAMANO_CHRERY.temp_output/logs/snpio.plotting.plotting.log",
                "CAMANO_CHRERY/snpio/snpio_popfilter/CAMANO_CHRERY.temp_output/logs/snpio.read_input.genotype_data.log",
                "CAMANO_CHRERY/snpio/snpio_popfilter/CAMANO_CHRERY.temp_output/logs/snpio.read_input.genotype_data_base.log",
                "CAMANO_CHRERY/snpio/snpio_select",
                "CAMANO_CHRERY/snpio/snpio_select/CAMANO_CHRERY.subset.vcf.gz",
                "CAMANO_CHRERY/snpio/snpio_select/CAMANO_CHRERY.subset.vcf.gz.tbi",
                "CAMANO_CHRERY/triangle",
                "CAMANO_CHRERY/triangle/CAMANO_CHRERY_classification_popmap.tsv",
                "CAMANO_CHRERY/triangle/CAMANO_CHRERY_hindex.tsv",
                "CAMANO_CHRERY/triangle/CAMANO_CHRERY_hindex_fixed.tsv",
                "pipeline_info",
                "pipeline_info/hybridclassification_software_mqc_versions.yml",
                "reports",
                "reports/CAMANO_CAMOLI_multiqc_report.html",
                "reports/CAMANO_CHRERY_multiqc_report.html"
            ],
            [
                "CAMANO_CAMOLI.1_0.P:md5,f3d732ad294986f7e2026ef40bf29147",
                "CAMANO_CAMOLI.1_0.Q:md5,9f599414320d273d0ac519c585f8398d",
                "CAMANO_CAMOLI.1_1.P:md5,f3d732ad294986f7e2026ef40bf29147",
                "CAMANO_CAMOLI.1_1.Q:md5,9f599414320d273d0ac519c585f8398d",
                "CAMANO_CAMOLI.2_0.P:md5,914def5c0ecf10c4c9b2d946d8c5405d",
                "CAMANO_CAMOLI.2_0.Q:md5,52237a9747c515dcdbcd4e6b0186116c",
                "CAMANO_CAMOLI.2_1.P:md5,823807f0ac9fab6adfcb4cf680a56126",
                "CAMANO_CAMOLI.2_1.Q:md5,cbe2696812cd5410cc4e9c30af2abf86",
                "CAMANO_CAMOLI.map:md5,481e2a8029118add3daf522ad8139845",
                "CAMANO_CAMOLI.ped:md5,d04460c90306971aa01a1b11c61dbc2f",
                "CAMANO_CAMOLI.qfiles.json:md5,ca2bfb0714f5e9a11968527a6c94b790",
                "CAMANO_CAMOLI_inds.txt:md5,1a8e38ea7f70f41bc5167be499dea675",
                "CAMANO_CAMOLI_pops.txt:md5,a6d2b543f2ed78bf0c43accae08c0dfe",
                "admixturePipeline.json:md5,5de99a4f84be033a18f418cd939498d1",
                "CAMANO_CAMOLI_bestK.txt:md5,26ab0db90d72e28ad0ba1e22ee510510",
                "CAMANO_CAMOLI_best_clumpp_indfile.out:md5,0ea2b7578f7574713a8347d1f81dafb3",
                "CAMANO_CAMOLI_k2_clumpp_indfile.out:md5,0ea2b7578f7574713a8347d1f81dafb3",
                "AdmixturePopIdToPopName:md5,2c35e24bd09d1730458db1e842078480",
                "K=1.MajorCluster.png:md5,f7208c130964a2fc05d06ec81daff30d",
                "MCL.clusters:md5,a188b85bc109da179a7d8104dd6b72ed",
                "MCL.out:md5,2ef19c830554ab7a91a80d28652670b1",
                "mcxtable:md5,8952462b5247c04771c7dcab99b93b6e",
                "ClumppIndFile.output:md5,7afc1c8c474b9deaea6cd737e91ebbfb",
                "ClumppPopFile:md5,f1bc75a96c8df406fa6debbc3da801be",
                "distructOutput.png:md5,f7208c130964a2fc05d06ec81daff30d",
                "drawparams:md5,85d0eb686c2a903e29d362f8e6af2e3c",
                "K=2.MajorCluster.png:md5,e0a795e88e7f8bee7c2cc09c51fa26d9",
                "clumpp.paramfile:md5,7fbbebbe1a10828703bb23cdc4dcdfa7",
                "MCL.clusters:md5,a188b85bc109da179a7d8104dd6b72ed",
                "MCL.out:md5,c82735c53880da97c4c30fe48761dfc7",
                "mcxtable:md5,8952462b5247c04771c7dcab99b93b6e",
                "ClumppIndFile.output:md5,0ea2b7578f7574713a8347d1f81dafb3",
                "ClumppPopFile:md5,2f793ad20a27c29d71a7d2e35876a255",
                "clumpp.paramfile:md5,7fbbebbe1a10828703bb23cdc4dcdfa7",
                "distructOutput.png:md5,e0a795e88e7f8bee7c2cc09c51fa26d9",
                "drawparams:md5,85d0eb686c2a903e29d362f8e6af2e3c",
                "CAMANO_CAMOLI.1_0.Q.converted:md5,40128c7db980c5a7089aaacad83f2052",
                "CAMANO_CAMOLI.1_1.Q.converted:md5,40128c7db980c5a7089aaacad83f2052",
                "CAMANO_CAMOLI.2_0.Q.converted:md5,a49ab6f4110bea8e87505b5a6a2cd47a",
                "CAMANO_CAMOLI.2_1.Q.converted:md5,f180188512904fe7633787ddf7eaf956",
                "detectedModesSummery.log:md5,d9dc046816c473dd8c99971fc842af45",
                "images_to_display.dat:md5,82b3d7d8bb5362c62fe332eb6f11aa17",
                "CAMANO_CAMOLI.1_0.Q:md5,9f599414320d273d0ac519c585f8398d",
                "CAMANO_CAMOLI.1_1.Q:md5,9f599414320d273d0ac519c585f8398d",
                "CAMANO_CAMOLI.2_0.Q:md5,52237a9747c515dcdbcd4e6b0186116c",
                "CAMANO_CAMOLI.2_1.Q:md5,cbe2696812cd5410cc4e9c30af2abf86",
                "cv_file.MajClust.png:md5,fb09c1e1ceeb083526a601da43a29096",
                "cv_output.txt:md5,bb6942ff8b89855e193fdcc4cb6a7639",
                "ll_output.txt:md5,349fdacaeefe55a9cc0010c5e599490c",
                "loglikelihood_file.MajClust.png:md5,e44556a049e520a8bb5edfd04b0f61ec",
                "CAMANO_CAMOLI.vcf:md5,d4032bb38e672ee6ed51c452b478f74e",
                "AdmixturePopIdToPopName:md5,2c35e24bd09d1730458db1e842078480",
                "ClumppIndFile.output.1:md5,7afc1c8c474b9deaea6cd737e91ebbfb",
                "ClumppIndFile.output.2:md5,0ea2b7578f7574713a8347d1f81dafb3",
                "ClumppPopFile.1:md5,f1bc75a96c8df406fa6debbc3da801be",
                "ClumppPopFile.2:md5,2f793ad20a27c29d71a7d2e35876a255",
                "K1.ps:md5,95854ea2331adf173872cca8c8d0fad8",
                "K2.ps:md5,6a1027789255a3b7bb31b88f4ed9aaa5",
                "drawparams.1:md5,8d3950effb07101ee3cd9927b415d154",
                "drawparams.2:md5,11a5134e1c4a2fa73c77d87d08f0ee37",
                "1.png:md5,76cdfaf63baa4f16a14b486562f78cbe",
                "2.png:md5,492ede71f79f1d36fb86eebc59ad4198",
                "CAMANO_CAMOLI.1_0.corres:md5,578bc8e58f7bbc688bf738887b72e26c",
                "CAMANO_CAMOLI.1_0.corres.png:md5,962a3f0c6e337bdfa69745da2f6107eb",
                "CAMANO_CAMOLI.1_1.corres:md5,578bc8e58f7bbc688bf738887b72e26c",
                "CAMANO_CAMOLI.1_1.corres.png:md5,962a3f0c6e337bdfa69745da2f6107eb",
                "CAMANO_CAMOLI.2_0.corres:md5,34a9f1ad52209e0fc14e4921cb99d86e",
                "CAMANO_CAMOLI.2_0.corres.png:md5,bad22c4f26fa64f7a43124c14a676aa0",
                "CAMANO_CAMOLI.2_1.corres:md5,76b7a939efdb04cc7a657de5426fd1b7",
                "CAMANO_CAMOLI.2_1.corres.png:md5,7b89643812203863f1c7062bb628c98f",
                "CAMANO_CAMOLI.fam:md5,1f66ea040386b7a5d6225c41edb3a963",
                "CAMANO_CAMOLI_popmap.tsv:md5,82c59eee1b38ba8656bb54106cb1d73d",
                "CAMANO_CAMOLI_mask_table.tsv:md5,a3f92b62836b3e276863a6b6e5eb2427",
                "CAMANO_CAMOLI_masked_samples.txt:md5,364a744aaa489698c2bc5445e9d5aa59",
                "CAMANO_CAMOLI_NH_index_map.tsv:md5,0de1cd398781d15d358239655c4045bd",
                "CAMANO_CAMOLI_NewHybrids.txt:md5,695bb6d1d98c556f680ee82d6d80ce4d",
                "EchoedGtypData.txt:md5,7553cdc6de8e8ded72ca1f28ab922117",
                "aa-EchoedGtypFreqCats.txt:md5,1f5216111e6560cb01acd27fd0295d82",
                "aa-LociAndAlleles.txt:md5,5573d4ca30d84a182d9fa98cb7f8704d",
                "aa-Pi.aves:md5,53d6339b5626b3b496f7647f9bcb5d98",
                "aa-Pi.hist:md5,72936e403f835ee717e6517f7905e5fc",
                "aa-PofZ.txt:md5,4c2afc12da7c3abb7aafecb4be067a53",
                "aa-ScaledLikelihood.txt:md5,e3e0f0f41f3d3df988a6592b18f0d6fd",
                "aa-Theta.hist:md5,1ec71c26b8fe5af4c7e1c2304f839bf7",
                "aa-ThetaAverages.txt:md5,2bf4b27fc2a73ff90e91d77438514bcc",
                "pi_trace.tsv:md5,559d6f0d48a4a0e1263ffc346a5b718a",
                "CAMANO_CAMOLI_nh_hybrids.txt:md5,8a4708aa4c68964c199393548b2f7491",
                "CAMANO_CAMOLI_nh_hybrids_masked.txt:md5,df3ae7403f9527b8e2bbe78761e858da",
                "CAMANO_CAMOLI_nh_summary_mask_mqc.json:md5,c6c5c4b65526a269e575477b862d1776",
                "CAMANO_CAMOLI_nh_summary_mqc.json:md5,07290690359714e5603c17cfea3473f4",
                "CAMANO_CAMOLI_points.tsv:md5,a326f3506e32a035041d910786a0203c",
                "EchoedGtypData.txt:md5,c5ffed65d1a134aa1741fef240170c0e",
                "aa-EchoedGtypFreqCats.txt:md5,1f5216111e6560cb01acd27fd0295d82",
                "aa-LociAndAlleles.txt:md5,5573d4ca30d84a182d9fa98cb7f8704d",
                "aa-Pi.aves:md5,ca295b7a90b53fa9e101243084a97eba",
                "aa-Pi.hist:md5,21ccaa248a046e20506bd0c58e0c376a",
                "aa-PofZ.txt:md5,9d57eb3b16a8a91a8c6453ed697e4c0a",
                "aa-ScaledLikelihood.txt:md5,06e5a34b6a6a9ca9b270254412121c69",
                "aa-Theta.hist:md5,a52e4e70f852a945203761b7fef0eb40",
                "aa-ThetaAverages.txt:md5,5cdcb948feb568e8ec10faa57f31e51c",
                "pi_trace.tsv:md5,cde91143611be7b9cd963ec7ce732001",
                "CAMANO_CAMOLI_NH_index_map.tsv:md5,b2f04f3c5a9881d5419496906310f1d5",
                "CAMANO_CAMOLI_NewHybrids.txt:md5,32a560be307f07e28b0e087e03a80ff2",
                "CAMANO_CAMOLI_simulation.tsv:md5,4b7605c6a7a8b3c1a4e9d0c5f8f9a51f",
                "CAMANO_CAMOLI_simulation.vcf:md5,2b771c8a940b322cb6fa71323a63f138",
                "multiqc_citations.txt:md5,4c806e63a283ec1b7e78cdae3a923d4f",
                "multiqc_nh_summary_table.txt:md5,f750ce0eebed3718b7bba70fa1705894",
                "multiqc_nh_summary_table_masked.txt:md5,8e697d95de010f7ce6e7f1a03699d324",
                "multiqc_sources.txt:md5,d2a044df39ce3c6abe5cdc2d67473490",
                "CAMANO_CAMOLI_fst_per_locus.tsv:md5,a9a5b86941df2ad99fc4e094391b736d",
                "CAMANO_CAMOLI_top100_fst.vcf:md5,31f968215ac5a0b8e5aa856493fa6a3b",
                "CAMANO_CAMOLI.filter.vcf.gz:md5,d4032bb38e672ee6ed51c452b478f74e",
                "CAMANO_CAMOLI.filter.vcf.gz.tbi:md5,5da6df05b2eaf808e00363a2bb00c630",
                "locus_missingness.tsv.gz:md5,37f05c68d9644a75702286a5d63f1c5b",
                "population_locus_missingness.tsv.gz:md5,40bb0c7b7c14d7b94f050ce3b29d9235",
                "CAMANO_CAMOLI.temp.filtered.vcf.gz:md5,f29f53bf046a826e8d303f4514c7777a",
                "CAMANO_CAMOLI.temp.filtered.vcf.gz.tbi:md5,bc01f3ae0906a5a66ed6758276b418e3",
                "CAMANO_CAMOLI.subset.vcf.gz:md5,0aa64963cb03864828d16102fd563c21",
                "CAMANO_CAMOLI.subset.vcf.gz.tbi:md5,28b136c9a17e8ff94616e264f94d3801",
                "CAMANO_CAMOLI_classification_popmap.tsv:md5,34ba555128a76fbd0b2849d09aa335b6",
                "CAMANO_CAMOLI_hindex.tsv:md5,cc8802c3847a0a103fcf7b8a56ac2b41",
                "CAMANO_CAMOLI_hindex_fixed.tsv:md5,8f5fe31a2d4c0c694634801b17420dbe",
                "CAMANO_CHRERY.1_0.P:md5,e228bcc028ce9b971ed1a1f68d279823",
                "CAMANO_CHRERY.1_0.Q:md5,a54421383d65302d12806342f1ce77af",
                "CAMANO_CHRERY.1_1.P:md5,e228bcc028ce9b971ed1a1f68d279823",
                "CAMANO_CHRERY.1_1.Q:md5,a54421383d65302d12806342f1ce77af",
                "CAMANO_CHRERY.2_0.P:md5,497516b808064b451d0fd1d266e33b9d",
                "CAMANO_CHRERY.2_0.Q:md5,92226a7c488f4311163d71dc6fd3228b",
                "CAMANO_CHRERY.2_1.P:md5,efc89c05811bc664b026d709933ac5bc",
                "CAMANO_CHRERY.2_1.Q:md5,94360c8add88a22546b69acbb3699c60",
                "CAMANO_CHRERY.map:md5,16bdf7461ba417d59400de9ea0d5b521",
                "CAMANO_CHRERY.ped:md5,5653599e9684ec44f26feadf94e59ac9",
                "CAMANO_CHRERY.qfiles.json:md5,e832a99d50ba961b3af20cd5bfa0e909",
                "CAMANO_CHRERY_inds.txt:md5,9d4111df5f9cc8a25a9b6d95b58e6293",
                "CAMANO_CHRERY_pops.txt:md5,7eaa810cf285b9cb5d0f3400ccd1610d",
                "admixturePipeline.json:md5,1ddcc3f653609c3f555930056fdfa0ed",
                "CAMANO_CHRERY_bestK.txt:md5,26ab0db90d72e28ad0ba1e22ee510510",
                "CAMANO_CHRERY_best_clumpp_indfile.out:md5,e5ee67e11a848fe9a33714b9a02d9218",
                "CAMANO_CHRERY_k2_clumpp_indfile.out:md5,e5ee67e11a848fe9a33714b9a02d9218",
                "AdmixturePopIdToPopName:md5,a2184b676f73ea2e519013e9ac100c83",
                "K=1.MajorCluster.png:md5,f65220aaec60733d76297a8a21eecf02",
                "MCL.clusters:md5,a188b85bc109da179a7d8104dd6b72ed",
                "MCL.out:md5,2ef19c830554ab7a91a80d28652670b1",
                "mcxtable:md5,8952462b5247c04771c7dcab99b93b6e",
                "ClumppIndFile.output:md5,014919d1681dbf0c2dcc3e39a0f4b199",
                "ClumppPopFile:md5,cef844dddc3ff663b788c6f6b971ff13",
                "distructOutput.png:md5,f65220aaec60733d76297a8a21eecf02",
                "drawparams:md5,4f81d5a41f70d48abbe8d0c35a8a2a29",
                "K=2.MajorCluster.png:md5,e7c1743afb8cccd7b2251fdb26dd9a36",
                "clumpp.paramfile:md5,7fbbebbe1a10828703bb23cdc4dcdfa7",
                "MCL.clusters:md5,a188b85bc109da179a7d8104dd6b72ed",
                "MCL.out:md5,c82735c53880da97c4c30fe48761dfc7",
                "mcxtable:md5,8952462b5247c04771c7dcab99b93b6e",
                "ClumppIndFile.output:md5,e5ee67e11a848fe9a33714b9a02d9218",
                "ClumppPopFile:md5,242fea20e971d55054007a29e08b2b9e",
                "clumpp.paramfile:md5,7fbbebbe1a10828703bb23cdc4dcdfa7",
                "distructOutput.png:md5,e7c1743afb8cccd7b2251fdb26dd9a36",
                "drawparams:md5,4f81d5a41f70d48abbe8d0c35a8a2a29",
                "CAMANO_CHRERY.1_0.Q.converted:md5,3bc5170edfb1a95cf05a073af81efd4e",
                "CAMANO_CHRERY.1_1.Q.converted:md5,3bc5170edfb1a95cf05a073af81efd4e",
                "CAMANO_CHRERY.2_0.Q.converted:md5,28eee0c4656c35a48373a9b5e08b6e20",
                "CAMANO_CHRERY.2_1.Q.converted:md5,a5f8cfb081cc0831e499696efda5b101",
                "detectedModesSummery.log:md5,d9dc046816c473dd8c99971fc842af45",
                "images_to_display.dat:md5,82b3d7d8bb5362c62fe332eb6f11aa17",
                "CAMANO_CHRERY.1_0.Q:md5,a54421383d65302d12806342f1ce77af",
                "CAMANO_CHRERY.1_1.Q:md5,a54421383d65302d12806342f1ce77af",
                "CAMANO_CHRERY.2_0.Q:md5,92226a7c488f4311163d71dc6fd3228b",
                "CAMANO_CHRERY.2_1.Q:md5,94360c8add88a22546b69acbb3699c60",
                "cv_file.MajClust.png:md5,1965c86bedae84f689f47fd9c2e34fb7",
                "cv_output.txt:md5,c716a1624e72e66f8a9f75b7126ff383",
                "ll_output.txt:md5,467b026ce37e408832e40e9431f4d583",
                "loglikelihood_file.MajClust.png:md5,7a2daf45119f622c8c01e570ba60204a",
                "CAMANO_CHRERY.vcf:md5,a2684e1b63dd17e174171dae12ee8376",
                "AdmixturePopIdToPopName:md5,a2184b676f73ea2e519013e9ac100c83",
                "ClumppIndFile.output.1:md5,014919d1681dbf0c2dcc3e39a0f4b199",
                "ClumppIndFile.output.2:md5,e5ee67e11a848fe9a33714b9a02d9218",
                "ClumppPopFile.1:md5,cef844dddc3ff663b788c6f6b971ff13",
                "ClumppPopFile.2:md5,242fea20e971d55054007a29e08b2b9e",
                "K1.ps:md5,e11d02660ba544acb5fd8072524e8204",
                "K2.ps:md5,b506c0b915810b5133fc378442bcf57b",
                "drawparams.1:md5,af6f30c6f512de4762dac5ea0c90ba1d",
                "drawparams.2:md5,630d99ce1501edb35ddef904fa394627",
                "1.png:md5,c973877ce896e9d69f808d0cc3049926",
                "2.png:md5,2868735a392b2152e2d77100511a89f6",
                "CAMANO_CHRERY.1_0.corres:md5,8665fd7e9a9fc7edd95e11b3fa059677",
                "CAMANO_CHRERY.1_0.corres.png:md5,50e65deabbc339ee201aa9ffb9ed3d9d",
                "CAMANO_CHRERY.1_1.corres:md5,8665fd7e9a9fc7edd95e11b3fa059677",
                "CAMANO_CHRERY.1_1.corres.png:md5,50e65deabbc339ee201aa9ffb9ed3d9d",
                "CAMANO_CHRERY.2_0.corres:md5,f23ad719a144f820043066a4d94590d0",
                "CAMANO_CHRERY.2_0.corres.png:md5,0f4ab9b0c0d0af2bbc5962785d37bf85",
                "CAMANO_CHRERY.2_1.corres:md5,cd144683fb538fbcfc6dca33c3900964",
                "CAMANO_CHRERY.2_1.corres.png:md5,f55d4a661caa528bc67b0a39857c0bfb",
                "CAMANO_CHRERY.fam:md5,ba86d4e4e0656e322d9f1dd39c2a49fa",
                "CAMANO_CHRERY_popmap.tsv:md5,759ca81bd80dd94f4d3333519cabd3d8",
                "CAMANO_CHRERY_mask_table.tsv:md5,ce99560ff366f562bfb789b82380f4f3",
                "CAMANO_CHRERY_masked_samples.txt:md5,08fe822e49e6396c55a2c6e92583ce39",
                "CAMANO_CHRERY_NH_index_map.tsv:md5,362b866dd5cd572dca0f2cbc7e4cf753",
                "CAMANO_CHRERY_NewHybrids.txt:md5,c6364d5867752d277273fbd7630f5a65",
                "EchoedGtypData.txt:md5,cb2fe88d9799df0dd06275318a2ea6d3",
                "aa-EchoedGtypFreqCats.txt:md5,1f5216111e6560cb01acd27fd0295d82",
                "aa-LociAndAlleles.txt:md5,0323741235f7e2a337c331d6ab1b8e98",
                "aa-Pi.aves:md5,d204e11a050a9cf3da2eb27f011f9844",
                "aa-Pi.hist:md5,aaf6510f0eb9e5f831e8a3edb833e099",
                "aa-PofZ.txt:md5,e0d997a8debbfeeb7118616ae7cf8faf",
                "aa-ScaledLikelihood.txt:md5,cc8cf67961112cbea8787076dfcd7639",
                "aa-Theta.hist:md5,23f6effeac0e863be27ff71bce2c9b6f",
                "aa-ThetaAverages.txt:md5,6f48b8fbf8da583ba6cbc6fbfec5e86c",
                "pi_trace.tsv:md5,d315280a556e257a7c97e4f835cec0c2",
                "CAMANO_CHRERY_nh_hybrids.txt:md5,2f25ea6d1fd2da3217673eb1b0ce9ff2",
                "CAMANO_CHRERY_nh_hybrids_masked.txt:md5,060e3489a94735b7dfaec53a8ea3d9a1",
                "CAMANO_CHRERY_nh_summary_mask_mqc.json:md5,a619477430dcfd5b2400d462a0f83403",
                "CAMANO_CHRERY_nh_summary_mqc.json:md5,7a72a869569fd83943e178270b4b0f54",
                "CAMANO_CHRERY_points.tsv:md5,20994c9bc3752aa69eef207da9c1cb2e",
                "EchoedGtypData.txt:md5,ad6bde6ca5154f937bd9897e429f34cd",
                "aa-EchoedGtypFreqCats.txt:md5,1f5216111e6560cb01acd27fd0295d82",
                "aa-LociAndAlleles.txt:md5,0323741235f7e2a337c331d6ab1b8e98",
                "aa-Pi.aves:md5,dd4eb6860fbd163faacdf1e6435811cf",
                "aa-Pi.hist:md5,1580da29a769f28a5299960116dc7ccf",
                "aa-PofZ.txt:md5,8bd27fde269b15dc6f5f262bc221e837",
                "aa-ScaledLikelihood.txt:md5,174132651e2118a71f5551f68c09b39b",
                "aa-Theta.hist:md5,18c917dbed1865310d52312ebcd50e8d",
                "aa-ThetaAverages.txt:md5,c36a2d655d199f795f0d9e521c1b3e08",
                "pi_trace.tsv:md5,04547a3cb4a9a86251bcca662b5fa7bc",
                "CAMANO_CHRERY_NH_index_map.tsv:md5,f6e558312d1ee850fcba079b5b55dc86",
                "CAMANO_CHRERY_NewHybrids.txt:md5,cb5e582bed26072027cee562ee956df9",
                "CAMANO_CHRERY_simulation.tsv:md5,4b7605c6a7a8b3c1a4e9d0c5f8f9a51f",
                "CAMANO_CHRERY_simulation.vcf:md5,d01f0fd87f33f45e7b543a28a0781ac0",
                "multiqc_citations.txt:md5,4c806e63a283ec1b7e78cdae3a923d4f",
                "multiqc_nh_summary_table.txt:md5,2b98a402b4940eac33aa41a75e0aa3f0",
                "multiqc_nh_summary_table_masked.txt:md5,477601dbc532393ab5749ba0441734c4",
                "multiqc_sources.txt:md5,d2a044df39ce3c6abe5cdc2d67473490",
                "CAMANO_CHRERY_fst_per_locus.tsv:md5,b3b4395bcf32cb9f46a42d286413cbee",
                "CAMANO_CHRERY_top100_fst.vcf:md5,d703bfaae3fb2f752af35f3ac742c0d4",
                "CAMANO_CHRERY.filter.vcf.gz:md5,a2684e1b63dd17e174171dae12ee8376",
                "CAMANO_CHRERY.filter.vcf.gz.tbi:md5,8469fd9f5ee7c88bfaa3b8b298888abf",
                "locus_missingness.tsv.gz:md5,f60bb0e007aadee1687a2028ea9c3551",
                "population_locus_missingness.tsv.gz:md5,bdfd70f900f229cd913aca46afaa1150",
                "CAMANO_CHRERY.temp.filtered.vcf.gz:md5,38aa43d525d5c3b4acb8dbd57e3f3cff",
                "CAMANO_CHRERY.temp.filtered.vcf.gz.tbi:md5,3adf888768614052010eb2d70868ab0e",
                "CAMANO_CHRERY.subset.vcf.gz:md5,5cddb269cb0e3524597127f5a2d16cbe",
                "CAMANO_CHRERY.subset.vcf.gz.tbi:md5,09ef92e0ce0898dc04a18d28fe2fa2b5",
                "CAMANO_CHRERY_classification_popmap.tsv:md5,ce591b6fa9209b8a07772f170bdb7e6d",
                "CAMANO_CHRERY_hindex.tsv:md5,932d4b978df202973269ebf6776166d1",
                "CAMANO_CHRERY_hindex_fixed.tsv:md5,549d2cbd0637b5474e382da888f0847a"
            ]
        ],
        "timestamp": "2026-09-29T11:24:11.220069",
        "meta": {
            "nf-test": "0.9.4",
            "nextflow": "25.10.4"
        }
    }
}