{
    "-profile test": {
        "content": [
            {
                "ADMIXTUREPIPELINE": {
                    "AdmixPipe": "3.2.2",
                    "VCFtools": "0.1.16",
                    "PLINK": 20220402,
                    "Admixture": 1.3
                },
                "BESTK": {
                    "awk": "5.1.0"
                },
                "BGZIP_INDEX_VCF": {
                    "htslib": 1.24,
                    "xz": "5.8.3"
                },
                "CLUMPAK": {
                    "AdmixPipe": "3.2.2",
                    "CLUMPAK": 1.1
                },
                "CVSUM": {
                    "AdmixPipe": "3.2.2"
                },
                "DECOMPRESS_VCF": {
                    "htslib": 1.24,
                    "xz": "5.8.3"
                },
                "DISTRUCT": {
                    "AdmixPipe": "3.2.2",
                    "distruct": 1.1,
                    "ghostscript": 9.5
                },
                "EVALADMIX": {
                    "AdmixPipe": "3.2.2"
                },
                "FIND_CANDIDATES": {
                    "awk": "5.1.0"
                },
                "NH_PLOT_CLASSIFICATIONS": {
                    "plotly": "6.1.2"
                },
                "NH_PLOT_SIMULATION": {
                    "plotly": "6.1.2"
                },
                "NH_PLOT_SPATIAL": {
                    "geopandas": "1.1.1",
                    "folium": "0.20.0"
                },
                "NH_PLOT_TRACE": {
                    "plotly": "6.1.2"
                },
                "NH_SUMMARY_TABLE": {
                    "plotly": "6.1.2"
                },
                "PLOT_ADMIXTURE": {
                    "plotly": "6.1.2"
                },
                "PLOT_EVALADMIX": {
                    "plotly": "6.1.2"
                },
                "POWER_ANALYSIS": {
                    "newhybrids": "newhybrids -- VERSION: 2.0+ Developmental.  July/August 2007"
                },
                "RUN_NEWHYBRIDS": {
                    "newhybrids": "newhybrids -- VERSION: 2.0+ Developmental.  July/August 2007"
                },
                "SNPIO_FILTER": {
                    "SNPio": "1.7.7"
                },
                "SNPIO_POPFILTER": {
                    "SNPio": "1.7.7"
                },
                "SNPIO_SELECT": {
                    "SNPio": "1.7.7"
                },
                "TOP_LOCI_FST": {
                    "vcftools": "0.1.16"
                },
                "Workflow": {
                    "aCaMEL/hybridclassification": "v1.0.1"
                }
            },
            [
                "CAMANO_CAMOLI",
                "CAMANO_CAMOLI/admixpipe",
                "CAMANO_CAMOLI/admixpipe/admixturepipeline",
                "CAMANO_CAMOLI/admixpipe/admixturepipeline/CAMANO_CAMOLI.1_0.P",
                "CAMANO_CAMOLI/admixpipe/admixturepipeline/CAMANO_CAMOLI.1_0.Q",
                "CAMANO_CAMOLI/admixpipe/admixturepipeline/CAMANO_CAMOLI.1_0.stdout",
                "CAMANO_CAMOLI/admixpipe/admixturepipeline/CAMANO_CAMOLI.1_1.P",
                "CAMANO_CAMOLI/admixpipe/admixturepipeline/CAMANO_CAMOLI.1_1.Q",
                "CAMANO_CAMOLI/admixpipe/admixturepipeline/CAMANO_CAMOLI.1_1.stdout",
                "CAMANO_CAMOLI/admixpipe/admixturepipeline/CAMANO_CAMOLI.2_0.P",
                "CAMANO_CAMOLI/admixpipe/admixturepipeline/CAMANO_CAMOLI.2_0.Q",
                "CAMANO_CAMOLI/admixpipe/admixturepipeline/CAMANO_CAMOLI.2_0.stdout",
                "CAMANO_CAMOLI/admixpipe/admixturepipeline/CAMANO_CAMOLI.2_1.P",
                "CAMANO_CAMOLI/admixpipe/admixturepipeline/CAMANO_CAMOLI.2_1.Q",
                "CAMANO_CAMOLI/admixpipe/admixturepipeline/CAMANO_CAMOLI.2_1.stdout",
                "CAMANO_CAMOLI/admixpipe/admixturepipeline/CAMANO_CAMOLI.map",
                "CAMANO_CAMOLI/admixpipe/admixturepipeline/CAMANO_CAMOLI.ped",
                "CAMANO_CAMOLI/admixpipe/admixturepipeline/CAMANO_CAMOLI.qfiles.json",
                "CAMANO_CAMOLI/admixpipe/admixturepipeline/CAMANO_CAMOLI_inds.txt",
                "CAMANO_CAMOLI/admixpipe/admixturepipeline/CAMANO_CAMOLI_pops.txt",
                "CAMANO_CAMOLI/admixpipe/admixturepipeline/admixturePipeline.json",
                "CAMANO_CAMOLI/admixpipe/admixturepipeline/results.zip",
                "CAMANO_CAMOLI/admixpipe/bestk",
                "CAMANO_CAMOLI/admixpipe/bestk/CAMANO_CAMOLI_bestK.txt",
                "CAMANO_CAMOLI/admixpipe/bestk/CAMANO_CAMOLI_best_clumpp_indfile.out",
                "CAMANO_CAMOLI/admixpipe/bestk/CAMANO_CAMOLI_k2_clumpp_indfile.out",
                "CAMANO_CAMOLI/admixpipe/clumpak",
                "CAMANO_CAMOLI/admixpipe/clumpak/clumpakOutput",
                "CAMANO_CAMOLI/admixpipe/clumpak/clumpakOutput/AdmixturePopIdToPopName",
                "CAMANO_CAMOLI/admixpipe/clumpak/clumpakOutput/K=1",
                "CAMANO_CAMOLI/admixpipe/clumpak/clumpakOutput/K=1.MajorCluster.png",
                "CAMANO_CAMOLI/admixpipe/clumpak/clumpakOutput/K=1/CLUMPP.files",
                "CAMANO_CAMOLI/admixpipe/clumpak/clumpakOutput/K=1/CLUMPP.files/ClumppIndFile",
                "CAMANO_CAMOLI/admixpipe/clumpak/clumpakOutput/K=1/CLUMPP.files/ClumppIndFile.output",
                "CAMANO_CAMOLI/admixpipe/clumpak/clumpakOutput/K=1/CLUMPP.files/ClumppPairMatrix",
                "CAMANO_CAMOLI/admixpipe/clumpak/clumpakOutput/K=1/CLUMPP.files/FilesToIndex",
                "CAMANO_CAMOLI/admixpipe/clumpak/clumpakOutput/K=1/MCL.files",
                "CAMANO_CAMOLI/admixpipe/clumpak/clumpakOutput/K=1/MCL.files/MCL.clusters",
                "CAMANO_CAMOLI/admixpipe/clumpak/clumpakOutput/K=1/MCL.files/MCL.out",
                "CAMANO_CAMOLI/admixpipe/clumpak/clumpakOutput/K=1/MCL.files/clumppPairMatrixChoped",
                "CAMANO_CAMOLI/admixpipe/clumpak/clumpakOutput/K=1/MCL.files/mcxtable",
                "CAMANO_CAMOLI/admixpipe/clumpak/clumpakOutput/K=1/MajorCluster",
                "CAMANO_CAMOLI/admixpipe/clumpak/clumpakOutput/K=1/MajorCluster/CLUMPP.files",
                "CAMANO_CAMOLI/admixpipe/clumpak/clumpakOutput/K=1/MajorCluster/CLUMPP.files/ClumppIndFile",
                "CAMANO_CAMOLI/admixpipe/clumpak/clumpakOutput/K=1/MajorCluster/CLUMPP.files/ClumppIndFile.output",
                "CAMANO_CAMOLI/admixpipe/clumpak/clumpakOutput/K=1/MajorCluster/CLUMPP.files/ClumppPairMatrix",
                "CAMANO_CAMOLI/admixpipe/clumpak/clumpakOutput/K=1/MajorCluster/CLUMPP.files/ClumppPopFile",
                "CAMANO_CAMOLI/admixpipe/clumpak/clumpakOutput/K=1/MajorCluster/CLUMPP.files/FilesToIndex",
                "CAMANO_CAMOLI/admixpipe/clumpak/clumpakOutput/K=1/MajorCluster/clusterFiles",
                "CAMANO_CAMOLI/admixpipe/clumpak/clumpakOutput/K=1/MajorCluster/distructOutput.pdf",
                "CAMANO_CAMOLI/admixpipe/clumpak/clumpakOutput/K=1/MajorCluster/distructOutput.png",
                "CAMANO_CAMOLI/admixpipe/clumpak/clumpakOutput/K=1/MajorCluster/distructOutput.ps",
                "CAMANO_CAMOLI/admixpipe/clumpak/clumpakOutput/K=1/MajorCluster/distructOutput.sh",
                "CAMANO_CAMOLI/admixpipe/clumpak/clumpakOutput/K=1/MajorCluster/drawparams",
                "CAMANO_CAMOLI/admixpipe/clumpak/clumpakOutput/K=2",
                "CAMANO_CAMOLI/admixpipe/clumpak/clumpakOutput/K=2.MajorCluster.png",
                "CAMANO_CAMOLI/admixpipe/clumpak/clumpakOutput/K=2/CLUMPP.files",
                "CAMANO_CAMOLI/admixpipe/clumpak/clumpakOutput/K=2/CLUMPP.files/ClumppCommands.sh",
                "CAMANO_CAMOLI/admixpipe/clumpak/clumpakOutput/K=2/CLUMPP.files/ClumppIndFile",
                "CAMANO_CAMOLI/admixpipe/clumpak/clumpakOutput/K=2/CLUMPP.files/ClumppIndFile.misc",
                "CAMANO_CAMOLI/admixpipe/clumpak/clumpakOutput/K=2/CLUMPP.files/ClumppIndFile.output",
                "CAMANO_CAMOLI/admixpipe/clumpak/clumpakOutput/K=2/CLUMPP.files/ClumppPairMatrix",
                "CAMANO_CAMOLI/admixpipe/clumpak/clumpakOutput/K=2/CLUMPP.files/FilesToIndex",
                "CAMANO_CAMOLI/admixpipe/clumpak/clumpakOutput/K=2/CLUMPP.files/clumpp.paramfile",
                "CAMANO_CAMOLI/admixpipe/clumpak/clumpakOutput/K=2/MCL.files",
                "CAMANO_CAMOLI/admixpipe/clumpak/clumpakOutput/K=2/MCL.files/MCL.clusters",
                "CAMANO_CAMOLI/admixpipe/clumpak/clumpakOutput/K=2/MCL.files/MCL.out",
                "CAMANO_CAMOLI/admixpipe/clumpak/clumpakOutput/K=2/MCL.files/clumppPairMatrixChoped",
                "CAMANO_CAMOLI/admixpipe/clumpak/clumpakOutput/K=2/MCL.files/mcxtable",
                "CAMANO_CAMOLI/admixpipe/clumpak/clumpakOutput/K=2/MajorCluster",
                "CAMANO_CAMOLI/admixpipe/clumpak/clumpakOutput/K=2/MajorCluster/CLUMPP.files",
                "CAMANO_CAMOLI/admixpipe/clumpak/clumpakOutput/K=2/MajorCluster/CLUMPP.files/ClumppCommands.sh",
                "CAMANO_CAMOLI/admixpipe/clumpak/clumpakOutput/K=2/MajorCluster/CLUMPP.files/ClumppIndFile",
                "CAMANO_CAMOLI/admixpipe/clumpak/clumpakOutput/K=2/MajorCluster/CLUMPP.files/ClumppIndFile.misc",
                "CAMANO_CAMOLI/admixpipe/clumpak/clumpakOutput/K=2/MajorCluster/CLUMPP.files/ClumppIndFile.output",
                "CAMANO_CAMOLI/admixpipe/clumpak/clumpakOutput/K=2/MajorCluster/CLUMPP.files/ClumppPopFile",
                "CAMANO_CAMOLI/admixpipe/clumpak/clumpakOutput/K=2/MajorCluster/CLUMPP.files/FilesToIndex",
                "CAMANO_CAMOLI/admixpipe/clumpak/clumpakOutput/K=2/MajorCluster/CLUMPP.files/clumpp.paramfile",
                "CAMANO_CAMOLI/admixpipe/clumpak/clumpakOutput/K=2/MajorCluster/clusterFiles",
                "CAMANO_CAMOLI/admixpipe/clumpak/clumpakOutput/K=2/MajorCluster/distructOutput.pdf",
                "CAMANO_CAMOLI/admixpipe/clumpak/clumpakOutput/K=2/MajorCluster/distructOutput.png",
                "CAMANO_CAMOLI/admixpipe/clumpak/clumpakOutput/K=2/MajorCluster/distructOutput.ps",
                "CAMANO_CAMOLI/admixpipe/clumpak/clumpakOutput/K=2/MajorCluster/distructOutput.sh",
                "CAMANO_CAMOLI/admixpipe/clumpak/clumpakOutput/K=2/MajorCluster/drawparams",
                "CAMANO_CAMOLI/admixpipe/clumpak/clumpakOutput/converted.input.files",
                "CAMANO_CAMOLI/admixpipe/clumpak/clumpakOutput/converted.input.files/CAMANO_CAMOLI.1_0.Q.converted",
                "CAMANO_CAMOLI/admixpipe/clumpak/clumpakOutput/converted.input.files/CAMANO_CAMOLI.1_1.Q.converted",
                "CAMANO_CAMOLI/admixpipe/clumpak/clumpakOutput/converted.input.files/CAMANO_CAMOLI.2_0.Q.converted",
                "CAMANO_CAMOLI/admixpipe/clumpak/clumpakOutput/converted.input.files/CAMANO_CAMOLI.2_1.Q.converted",
                "CAMANO_CAMOLI/admixpipe/clumpak/clumpakOutput/detectedModesSummery.log",
                "CAMANO_CAMOLI/admixpipe/clumpak/clumpakOutput/images_to_display.dat",
                "CAMANO_CAMOLI/admixpipe/clumpak/clumpakOutput/input.files",
                "CAMANO_CAMOLI/admixpipe/clumpak/clumpakOutput/input.files/CAMANO_CAMOLI.1_0.Q",
                "CAMANO_CAMOLI/admixpipe/clumpak/clumpakOutput/input.files/CAMANO_CAMOLI.1_1.Q",
                "CAMANO_CAMOLI/admixpipe/clumpak/clumpakOutput/input.files/CAMANO_CAMOLI.2_0.Q",
                "CAMANO_CAMOLI/admixpipe/clumpak/clumpakOutput/input.files/CAMANO_CAMOLI.2_1.Q",
                "CAMANO_CAMOLI/admixpipe/clumpak/clumpakOutput/output.log",
                "CAMANO_CAMOLI/admixpipe/clumpak/clumpakOutput/output_files.dat",
                "CAMANO_CAMOLI/admixpipe/cvsum",
                "CAMANO_CAMOLI/admixpipe/cvsum/cv_file.MajClust.png",
                "CAMANO_CAMOLI/admixpipe/cvsum/cv_output.txt",
                "CAMANO_CAMOLI/admixpipe/cvsum/ll_output.txt",
                "CAMANO_CAMOLI/admixpipe/cvsum/loglikelihood_file.MajClust.png",
                "CAMANO_CAMOLI/admixpipe/distruct",
                "CAMANO_CAMOLI/admixpipe/distruct/K1.pdf",
                "CAMANO_CAMOLI/admixpipe/distruct/K2.pdf",
                "CAMANO_CAMOLI/admixpipe/distruct/MajorClusterRuns.txt",
                "CAMANO_CAMOLI/admixpipe/distruct/clumpakOutput",
                "CAMANO_CAMOLI/admixpipe/distruct/clumpakOutput/best_results",
                "CAMANO_CAMOLI/admixpipe/distruct/clumpakOutput/best_results/AdmixturePopIdToPopName",
                "CAMANO_CAMOLI/admixpipe/distruct/clumpakOutput/best_results/ClumppIndFile.output.1",
                "CAMANO_CAMOLI/admixpipe/distruct/clumpakOutput/best_results/ClumppIndFile.output.2",
                "CAMANO_CAMOLI/admixpipe/distruct/clumpakOutput/best_results/ClumppPopFile.1",
                "CAMANO_CAMOLI/admixpipe/distruct/clumpakOutput/best_results/ClumppPopFile.2",
                "CAMANO_CAMOLI/admixpipe/distruct/clumpakOutput/best_results/K1.ps",
                "CAMANO_CAMOLI/admixpipe/distruct/clumpakOutput/best_results/K2.ps",
                "CAMANO_CAMOLI/admixpipe/distruct/clumpakOutput/best_results/drawparams.1",
                "CAMANO_CAMOLI/admixpipe/distruct/clumpakOutput/best_results/drawparams.2",
                "CAMANO_CAMOLI/admixpipe/distruct/cvRuns.json",
                "CAMANO_CAMOLI/admixpipe/distruct/cv_file.MajClust.txt",
                "CAMANO_CAMOLI/admixpipe/distruct/loglikelihood_file.MajClust.txt",
                "CAMANO_CAMOLI/admixpipe/distruct/qfilePaths.json",
                "CAMANO_CAMOLI/admixpipe/evaladmix",
                "CAMANO_CAMOLI/admixpipe/evaladmix/1.png",
                "CAMANO_CAMOLI/admixpipe/evaladmix/2.png",
                "CAMANO_CAMOLI/admixpipe/evaladmix/CAMANO_CAMOLI.1_0.corres",
                "CAMANO_CAMOLI/admixpipe/evaladmix/CAMANO_CAMOLI.1_0.corres.png",
                "CAMANO_CAMOLI/admixpipe/evaladmix/CAMANO_CAMOLI.1_1.corres",
                "CAMANO_CAMOLI/admixpipe/evaladmix/CAMANO_CAMOLI.1_1.corres.png",
                "CAMANO_CAMOLI/admixpipe/evaladmix/CAMANO_CAMOLI.2_0.corres",
                "CAMANO_CAMOLI/admixpipe/evaladmix/CAMANO_CAMOLI.2_0.corres.png",
                "CAMANO_CAMOLI/admixpipe/evaladmix/CAMANO_CAMOLI.2_1.corres",
                "CAMANO_CAMOLI/admixpipe/evaladmix/CAMANO_CAMOLI.2_1.corres.png",
                "CAMANO_CAMOLI/admixpipe/evaladmix/CAMANO_CAMOLI.fam",
                "CAMANO_CAMOLI/find",
                "CAMANO_CAMOLI/find/CAMANO_CAMOLI_popmap.tsv",
                "CAMANO_CAMOLI/mask",
                "CAMANO_CAMOLI/mask/CAMANO_CAMOLI_mask_table.tsv",
                "CAMANO_CAMOLI/mask/CAMANO_CAMOLI_masked_samples.txt",
                "CAMANO_CAMOLI/newhybrids",
                "CAMANO_CAMOLI/newhybrids/CAMANO_CAMOLI_NH_index_map.tsv",
                "CAMANO_CAMOLI/newhybrids/CAMANO_CAMOLI_NewHybrids.txt",
                "CAMANO_CAMOLI/newhybrids/CAMANO_CAMOLI_nh_results.txt",
                "CAMANO_CAMOLI/newhybrids/EchoedGtypData.txt",
                "CAMANO_CAMOLI/newhybrids/aa-EchoedGtypFreqCats.txt",
                "CAMANO_CAMOLI/newhybrids/aa-LociAndAlleles.txt",
                "CAMANO_CAMOLI/newhybrids/aa-Pi.aves",
                "CAMANO_CAMOLI/newhybrids/aa-Pi.hist",
                "CAMANO_CAMOLI/newhybrids/aa-PofZ.txt",
                "CAMANO_CAMOLI/newhybrids/aa-ScaledLikelihood.txt",
                "CAMANO_CAMOLI/newhybrids/aa-Theta.hist",
                "CAMANO_CAMOLI/newhybrids/aa-ThetaAverages.txt",
                "CAMANO_CAMOLI/newhybrids/pi_trace.tsv",
                "CAMANO_CAMOLI/nh",
                "CAMANO_CAMOLI/nh/CAMANO_CAMOLI_nh_classifications_mqc.html",
                "CAMANO_CAMOLI/nh/CAMANO_CAMOLI_nh_hybrids.txt",
                "CAMANO_CAMOLI/nh/CAMANO_CAMOLI_nh_hybrids_masked.txt",
                "CAMANO_CAMOLI/nh/CAMANO_CAMOLI_nh_outliers_mqc.html",
                "CAMANO_CAMOLI/nh/CAMANO_CAMOLI_nh_sim_mqc.html",
                "CAMANO_CAMOLI/nh/CAMANO_CAMOLI_nh_spatial_mqc.html",
                "CAMANO_CAMOLI/nh/CAMANO_CAMOLI_nh_summary_mask_mqc.json",
                "CAMANO_CAMOLI/nh/CAMANO_CAMOLI_nh_summary_mqc.json",
                "CAMANO_CAMOLI/nh/CAMANO_CAMOLI_nh_trace_mqc.html",
                "CAMANO_CAMOLI/nh/CAMANO_CAMOLI_points.tsv",
                "CAMANO_CAMOLI/plot",
                "CAMANO_CAMOLI/plot/CAMANO_CAMOLI_admixture_bestk_mqc.html",
                "CAMANO_CAMOLI/plot/CAMANO_CAMOLI_evaladmix_k2_mqc.html",
                "CAMANO_CAMOLI/plot/CAMANO_CAMOLI_triangle_mqc.html",
                "CAMANO_CAMOLI/power_analysis",
                "CAMANO_CAMOLI/power_analysis/newhybrids",
                "CAMANO_CAMOLI/power_analysis/newhybrids/CAMANO_CAMOLI_nh_results.txt",
                "CAMANO_CAMOLI/power_analysis/newhybrids/EchoedGtypData.txt",
                "CAMANO_CAMOLI/power_analysis/newhybrids/aa-EchoedGtypFreqCats.txt",
                "CAMANO_CAMOLI/power_analysis/newhybrids/aa-LociAndAlleles.txt",
                "CAMANO_CAMOLI/power_analysis/newhybrids/aa-Pi.aves",
                "CAMANO_CAMOLI/power_analysis/newhybrids/aa-Pi.hist",
                "CAMANO_CAMOLI/power_analysis/newhybrids/aa-PofZ.txt",
                "CAMANO_CAMOLI/power_analysis/newhybrids/aa-ScaledLikelihood.txt",
                "CAMANO_CAMOLI/power_analysis/newhybrids/aa-Theta.hist",
                "CAMANO_CAMOLI/power_analysis/newhybrids/aa-ThetaAverages.txt",
                "CAMANO_CAMOLI/power_analysis/newhybrids/pi_trace.tsv",
                "CAMANO_CAMOLI/power_analysis/simulated_data",
                "CAMANO_CAMOLI/power_analysis/simulated_data/CAMANO_CAMOLI_NH_index_map.tsv",
                "CAMANO_CAMOLI/power_analysis/simulated_data/CAMANO_CAMOLI_NewHybrids.txt",
                "CAMANO_CAMOLI/power_analysis/simulated_data/CAMANO_CAMOLI_simulation.tsv",
                "CAMANO_CAMOLI/power_analysis/simulated_data/CAMANO_CAMOLI_simulation.vcf",
                "CAMANO_CAMOLI/report",
                "CAMANO_CAMOLI/report/multiqc_data",
                "CAMANO_CAMOLI/report/multiqc_data/llms-full.txt",
                "CAMANO_CAMOLI/report/multiqc_data/multiqc.log",
                "CAMANO_CAMOLI/report/multiqc_data/multiqc.parquet",
                "CAMANO_CAMOLI/report/multiqc_data/multiqc_citations.txt",
                "CAMANO_CAMOLI/report/multiqc_data/multiqc_data.json",
                "CAMANO_CAMOLI/report/multiqc_data/multiqc_nh_summary_table.txt",
                "CAMANO_CAMOLI/report/multiqc_data/multiqc_nh_summary_table_masked.txt",
                "CAMANO_CAMOLI/report/multiqc_data/multiqc_software_versions.txt",
                "CAMANO_CAMOLI/report/multiqc_data/multiqc_sources.txt",
                "CAMANO_CAMOLI/report/multiqc_report.html",
                "CAMANO_CAMOLI/selected_loci",
                "CAMANO_CAMOLI/selected_loci/CAMANO_CAMOLI_fst_per_locus.tsv",
                "CAMANO_CAMOLI/selected_loci/CAMANO_CAMOLI_top100_fst.vcf",
                "CAMANO_CAMOLI/snpio",
                "CAMANO_CAMOLI/snpio/snpio_filter",
                "CAMANO_CAMOLI/snpio/snpio_filter/CAMANO_CAMOLI.filter.vcf.gz",
                "CAMANO_CAMOLI/snpio/snpio_filter/CAMANO_CAMOLI.filter.vcf.gz.tbi",
                "CAMANO_CAMOLI/snpio/snpio_filter/CAMANO_CAMOLI_output",
                "CAMANO_CAMOLI/snpio/snpio_filter/CAMANO_CAMOLI_output/data",
                "CAMANO_CAMOLI/snpio/snpio_filter/CAMANO_CAMOLI_output/data/vcf",
                "CAMANO_CAMOLI/snpio/snpio_filter/CAMANO_CAMOLI_output/data/vcf/nremover",
                "CAMANO_CAMOLI/snpio/snpio_filter/CAMANO_CAMOLI_output/data/vcf/vcf_attributes.h5",
                "CAMANO_CAMOLI/snpio/snpio_filter/CAMANO_CAMOLI_output/logs",
                "CAMANO_CAMOLI/snpio/snpio_filter/CAMANO_CAMOLI_output/logs/snpio.io.vcf_reader.log",
                "CAMANO_CAMOLI/snpio/snpio_filter/CAMANO_CAMOLI_output/logs/snpio.plotting.plotting.log",
                "CAMANO_CAMOLI/snpio/snpio_filter/CAMANO_CAMOLI_output/logs/snpio.read_input.genotype_data.log",
                "CAMANO_CAMOLI/snpio/snpio_filter/CAMANO_CAMOLI_output/logs/snpio.read_input.genotype_data_base.log",
                "CAMANO_CAMOLI/snpio/snpio_filter/CAMANO_CAMOLI_output/plots",
                "CAMANO_CAMOLI/snpio/snpio_filter/CAMANO_CAMOLI_output/plots/nremover",
                "CAMANO_CAMOLI/snpio/snpio_filter/CAMANO_CAMOLI_output/plots/nremover/filtering",
                "CAMANO_CAMOLI/snpio/snpio_filter/CAMANO_CAMOLI_output/plots/nremover/filtering/filtering_results_sankey_mqc.html",
                "CAMANO_CAMOLI/snpio/snpio_filter/CAMANO_CAMOLI_output/reports",
                "CAMANO_CAMOLI/snpio/snpio_filter/CAMANO_CAMOLI_output/reports/missingness",
                "CAMANO_CAMOLI/snpio/snpio_filter/CAMANO_CAMOLI_output/reports/missingness/locus_missingness.tsv.gz",
                "CAMANO_CAMOLI/snpio/snpio_filter/CAMANO_CAMOLI_output/reports/missingness/population_locus_missingness.tsv.gz",
                "CAMANO_CAMOLI/snpio/snpio_popfilter",
                "CAMANO_CAMOLI/snpio/snpio_popfilter/CAMANO_CAMOLI.temp.filtered.vcf.gz",
                "CAMANO_CAMOLI/snpio/snpio_popfilter/CAMANO_CAMOLI.temp.filtered.vcf.gz.tbi",
                "CAMANO_CAMOLI/snpio/snpio_popfilter/CAMANO_CAMOLI.temp_output",
                "CAMANO_CAMOLI/snpio/snpio_popfilter/CAMANO_CAMOLI.temp_output/data",
                "CAMANO_CAMOLI/snpio/snpio_popfilter/CAMANO_CAMOLI.temp_output/data/vcf",
                "CAMANO_CAMOLI/snpio/snpio_popfilter/CAMANO_CAMOLI.temp_output/data/vcf/nremover",
                "CAMANO_CAMOLI/snpio/snpio_popfilter/CAMANO_CAMOLI.temp_output/data/vcf/vcf_attributes.h5",
                "CAMANO_CAMOLI/snpio/snpio_popfilter/CAMANO_CAMOLI.temp_output/logs",
                "CAMANO_CAMOLI/snpio/snpio_popfilter/CAMANO_CAMOLI.temp_output/logs/snpio.io.vcf_reader.log",
                "CAMANO_CAMOLI/snpio/snpio_popfilter/CAMANO_CAMOLI.temp_output/logs/snpio.plotting.plotting.log",
                "CAMANO_CAMOLI/snpio/snpio_popfilter/CAMANO_CAMOLI.temp_output/logs/snpio.read_input.genotype_data.log",
                "CAMANO_CAMOLI/snpio/snpio_popfilter/CAMANO_CAMOLI.temp_output/logs/snpio.read_input.genotype_data_base.log",
                "CAMANO_CAMOLI/snpio/snpio_select",
                "CAMANO_CAMOLI/snpio/snpio_select/CAMANO_CAMOLI.subset.vcf.gz",
                "CAMANO_CAMOLI/snpio/snpio_select/CAMANO_CAMOLI.subset.vcf.gz.tbi",
                "CAMANO_CAMOLI/triangle",
                "CAMANO_CAMOLI/triangle/CAMANO_CAMOLI_classification_popmap.tsv",
                "CAMANO_CAMOLI/triangle/CAMANO_CAMOLI_hindex.tsv",
                "CAMANO_CAMOLI/triangle/CAMANO_CAMOLI_hindex_fixed.tsv",
                "CAMANO_CHRERY",
                "CAMANO_CHRERY/admixpipe",
                "CAMANO_CHRERY/admixpipe/admixturepipeline",
                "CAMANO_CHRERY/admixpipe/admixturepipeline/CAMANO_CHRERY.1_0.P",
                "CAMANO_CHRERY/admixpipe/admixturepipeline/CAMANO_CHRERY.1_0.Q",
                "CAMANO_CHRERY/admixpipe/admixturepipeline/CAMANO_CHRERY.1_0.stdout",
                "CAMANO_CHRERY/admixpipe/admixturepipeline/CAMANO_CHRERY.1_1.P",
                "CAMANO_CHRERY/admixpipe/admixturepipeline/CAMANO_CHRERY.1_1.Q",
                "CAMANO_CHRERY/admixpipe/admixturepipeline/CAMANO_CHRERY.1_1.stdout",
                "CAMANO_CHRERY/admixpipe/admixturepipeline/CAMANO_CHRERY.2_0.P",
                "CAMANO_CHRERY/admixpipe/admixturepipeline/CAMANO_CHRERY.2_0.Q",
                "CAMANO_CHRERY/admixpipe/admixturepipeline/CAMANO_CHRERY.2_0.stdout",
                "CAMANO_CHRERY/admixpipe/admixturepipeline/CAMANO_CHRERY.2_1.P",
                "CAMANO_CHRERY/admixpipe/admixturepipeline/CAMANO_CHRERY.2_1.Q",
                "CAMANO_CHRERY/admixpipe/admixturepipeline/CAMANO_CHRERY.2_1.stdout",
                "CAMANO_CHRERY/admixpipe/admixturepipeline/CAMANO_CHRERY.map",
                "CAMANO_CHRERY/admixpipe/admixturepipeline/CAMANO_CHRERY.ped",
                "CAMANO_CHRERY/admixpipe/admixturepipeline/CAMANO_CHRERY.qfiles.json",
                "CAMANO_CHRERY/admixpipe/admixturepipeline/CAMANO_CHRERY_inds.txt",
                "CAMANO_CHRERY/admixpipe/admixturepipeline/CAMANO_CHRERY_pops.txt",
                "CAMANO_CHRERY/admixpipe/admixturepipeline/admixturePipeline.json",
                "CAMANO_CHRERY/admixpipe/admixturepipeline/results.zip",
                "CAMANO_CHRERY/admixpipe/bestk",
                "CAMANO_CHRERY/admixpipe/bestk/CAMANO_CHRERY_bestK.txt",
                "CAMANO_CHRERY/admixpipe/bestk/CAMANO_CHRERY_best_clumpp_indfile.out",
                "CAMANO_CHRERY/admixpipe/bestk/CAMANO_CHRERY_k2_clumpp_indfile.out",
                "CAMANO_CHRERY/admixpipe/clumpak",
                "CAMANO_CHRERY/admixpipe/clumpak/clumpakOutput",
                "CAMANO_CHRERY/admixpipe/clumpak/clumpakOutput/AdmixturePopIdToPopName",
                "CAMANO_CHRERY/admixpipe/clumpak/clumpakOutput/K=1",
                "CAMANO_CHRERY/admixpipe/clumpak/clumpakOutput/K=1.MajorCluster.png",
                "CAMANO_CHRERY/admixpipe/clumpak/clumpakOutput/K=1/CLUMPP.files",
                "CAMANO_CHRERY/admixpipe/clumpak/clumpakOutput/K=1/CLUMPP.files/ClumppIndFile",
                "CAMANO_CHRERY/admixpipe/clumpak/clumpakOutput/K=1/CLUMPP.files/ClumppIndFile.output",
                "CAMANO_CHRERY/admixpipe/clumpak/clumpakOutput/K=1/CLUMPP.files/ClumppPairMatrix",
                "CAMANO_CHRERY/admixpipe/clumpak/clumpakOutput/K=1/CLUMPP.files/FilesToIndex",
                "CAMANO_CHRERY/admixpipe/clumpak/clumpakOutput/K=1/MCL.files",
                "CAMANO_CHRERY/admixpipe/clumpak/clumpakOutput/K=1/MCL.files/MCL.clusters",
                "CAMANO_CHRERY/admixpipe/clumpak/clumpakOutput/K=1/MCL.files/MCL.out",
                "CAMANO_CHRERY/admixpipe/clumpak/clumpakOutput/K=1/MCL.files/clumppPairMatrixChoped",
                "CAMANO_CHRERY/admixpipe/clumpak/clumpakOutput/K=1/MCL.files/mcxtable",
                "CAMANO_CHRERY/admixpipe/clumpak/clumpakOutput/K=1/MajorCluster",
                "CAMANO_CHRERY/admixpipe/clumpak/clumpakOutput/K=1/MajorCluster/CLUMPP.files",
                "CAMANO_CHRERY/admixpipe/clumpak/clumpakOutput/K=1/MajorCluster/CLUMPP.files/ClumppIndFile",
                "CAMANO_CHRERY/admixpipe/clumpak/clumpakOutput/K=1/MajorCluster/CLUMPP.files/ClumppIndFile.output",
                "CAMANO_CHRERY/admixpipe/clumpak/clumpakOutput/K=1/MajorCluster/CLUMPP.files/ClumppPairMatrix",
                "CAMANO_CHRERY/admixpipe/clumpak/clumpakOutput/K=1/MajorCluster/CLUMPP.files/ClumppPopFile",
                "CAMANO_CHRERY/admixpipe/clumpak/clumpakOutput/K=1/MajorCluster/CLUMPP.files/FilesToIndex",
                "CAMANO_CHRERY/admixpipe/clumpak/clumpakOutput/K=1/MajorCluster/clusterFiles",
                "CAMANO_CHRERY/admixpipe/clumpak/clumpakOutput/K=1/MajorCluster/distructOutput.pdf",
                "CAMANO_CHRERY/admixpipe/clumpak/clumpakOutput/K=1/MajorCluster/distructOutput.png",
                "CAMANO_CHRERY/admixpipe/clumpak/clumpakOutput/K=1/MajorCluster/distructOutput.ps",
                "CAMANO_CHRERY/admixpipe/clumpak/clumpakOutput/K=1/MajorCluster/distructOutput.sh",
                "CAMANO_CHRERY/admixpipe/clumpak/clumpakOutput/K=1/MajorCluster/drawparams",
                "CAMANO_CHRERY/admixpipe/clumpak/clumpakOutput/K=2",
                "CAMANO_CHRERY/admixpipe/clumpak/clumpakOutput/K=2.MajorCluster.png",
                "CAMANO_CHRERY/admixpipe/clumpak/clumpakOutput/K=2/CLUMPP.files",
                "CAMANO_CHRERY/admixpipe/clumpak/clumpakOutput/K=2/CLUMPP.files/ClumppCommands.sh",
                "CAMANO_CHRERY/admixpipe/clumpak/clumpakOutput/K=2/CLUMPP.files/ClumppIndFile",
                "CAMANO_CHRERY/admixpipe/clumpak/clumpakOutput/K=2/CLUMPP.files/ClumppIndFile.misc",
                "CAMANO_CHRERY/admixpipe/clumpak/clumpakOutput/K=2/CLUMPP.files/ClumppIndFile.output",
                "CAMANO_CHRERY/admixpipe/clumpak/clumpakOutput/K=2/CLUMPP.files/ClumppPairMatrix",
                "CAMANO_CHRERY/admixpipe/clumpak/clumpakOutput/K=2/CLUMPP.files/FilesToIndex",
                "CAMANO_CHRERY/admixpipe/clumpak/clumpakOutput/K=2/CLUMPP.files/clumpp.paramfile",
                "CAMANO_CHRERY/admixpipe/clumpak/clumpakOutput/K=2/MCL.files",
                "CAMANO_CHRERY/admixpipe/clumpak/clumpakOutput/K=2/MCL.files/MCL.clusters",
                "CAMANO_CHRERY/admixpipe/clumpak/clumpakOutput/K=2/MCL.files/MCL.out",
                "CAMANO_CHRERY/admixpipe/clumpak/clumpakOutput/K=2/MCL.files/clumppPairMatrixChoped",
                "CAMANO_CHRERY/admixpipe/clumpak/clumpakOutput/K=2/MCL.files/mcxtable",
                "CAMANO_CHRERY/admixpipe/clumpak/clumpakOutput/K=2/MajorCluster",
                "CAMANO_CHRERY/admixpipe/clumpak/clumpakOutput/K=2/MajorCluster/CLUMPP.files",
                "CAMANO_CHRERY/admixpipe/clumpak/clumpakOutput/K=2/MajorCluster/CLUMPP.files/ClumppCommands.sh",
                "CAMANO_CHRERY/admixpipe/clumpak/clumpakOutput/K=2/MajorCluster/CLUMPP.files/ClumppIndFile",
                "CAMANO_CHRERY/admixpipe/clumpak/clumpakOutput/K=2/MajorCluster/CLUMPP.files/ClumppIndFile.misc",
                "CAMANO_CHRERY/admixpipe/clumpak/clumpakOutput/K=2/MajorCluster/CLUMPP.files/ClumppIndFile.output",
                "CAMANO_CHRERY/admixpipe/clumpak/clumpakOutput/K=2/MajorCluster/CLUMPP.files/ClumppPopFile",
                "CAMANO_CHRERY/admixpipe/clumpak/clumpakOutput/K=2/MajorCluster/CLUMPP.files/FilesToIndex",
                "CAMANO_CHRERY/admixpipe/clumpak/clumpakOutput/K=2/MajorCluster/CLUMPP.files/clumpp.paramfile",
                "CAMANO_CHRERY/admixpipe/clumpak/clumpakOutput/K=2/MajorCluster/clusterFiles",
                "CAMANO_CHRERY/admixpipe/clumpak/clumpakOutput/K=2/MajorCluster/distructOutput.pdf",
                "CAMANO_CHRERY/admixpipe/clumpak/clumpakOutput/K=2/MajorCluster/distructOutput.png",
                "CAMANO_CHRERY/admixpipe/clumpak/clumpakOutput/K=2/MajorCluster/distructOutput.ps",
                "CAMANO_CHRERY/admixpipe/clumpak/clumpakOutput/K=2/MajorCluster/distructOutput.sh",
                "CAMANO_CHRERY/admixpipe/clumpak/clumpakOutput/K=2/MajorCluster/drawparams",
                "CAMANO_CHRERY/admixpipe/clumpak/clumpakOutput/converted.input.files",
                "CAMANO_CHRERY/admixpipe/clumpak/clumpakOutput/converted.input.files/CAMANO_CHRERY.1_0.Q.converted",
                "CAMANO_CHRERY/admixpipe/clumpak/clumpakOutput/converted.input.files/CAMANO_CHRERY.1_1.Q.converted",
                "CAMANO_CHRERY/admixpipe/clumpak/clumpakOutput/converted.input.files/CAMANO_CHRERY.2_0.Q.converted",
                "CAMANO_CHRERY/admixpipe/clumpak/clumpakOutput/converted.input.files/CAMANO_CHRERY.2_1.Q.converted",
                "CAMANO_CHRERY/admixpipe/clumpak/clumpakOutput/detectedModesSummery.log",
                "CAMANO_CHRERY/admixpipe/clumpak/clumpakOutput/images_to_display.dat",
                "CAMANO_CHRERY/admixpipe/clumpak/clumpakOutput/input.files",
                "CAMANO_CHRERY/admixpipe/clumpak/clumpakOutput/input.files/CAMANO_CHRERY.1_0.Q",
                "CAMANO_CHRERY/admixpipe/clumpak/clumpakOutput/input.files/CAMANO_CHRERY.1_1.Q",
                "CAMANO_CHRERY/admixpipe/clumpak/clumpakOutput/input.files/CAMANO_CHRERY.2_0.Q",
                "CAMANO_CHRERY/admixpipe/clumpak/clumpakOutput/input.files/CAMANO_CHRERY.2_1.Q",
                "CAMANO_CHRERY/admixpipe/clumpak/clumpakOutput/output.log",
                "CAMANO_CHRERY/admixpipe/clumpak/clumpakOutput/output_files.dat",
                "CAMANO_CHRERY/admixpipe/cvsum",
                "CAMANO_CHRERY/admixpipe/cvsum/cv_file.MajClust.png",
                "CAMANO_CHRERY/admixpipe/cvsum/cv_output.txt",
                "CAMANO_CHRERY/admixpipe/cvsum/ll_output.txt",
                "CAMANO_CHRERY/admixpipe/cvsum/loglikelihood_file.MajClust.png",
                "CAMANO_CHRERY/admixpipe/distruct",
                "CAMANO_CHRERY/admixpipe/distruct/K1.pdf",
                "CAMANO_CHRERY/admixpipe/distruct/K2.pdf",
                "CAMANO_CHRERY/admixpipe/distruct/MajorClusterRuns.txt",
                "CAMANO_CHRERY/admixpipe/distruct/clumpakOutput",
                "CAMANO_CHRERY/admixpipe/distruct/clumpakOutput/best_results",
                "CAMANO_CHRERY/admixpipe/distruct/clumpakOutput/best_results/AdmixturePopIdToPopName",
                "CAMANO_CHRERY/admixpipe/distruct/clumpakOutput/best_results/ClumppIndFile.output.1",
                "CAMANO_CHRERY/admixpipe/distruct/clumpakOutput/best_results/ClumppIndFile.output.2",
                "CAMANO_CHRERY/admixpipe/distruct/clumpakOutput/best_results/ClumppPopFile.1",
                "CAMANO_CHRERY/admixpipe/distruct/clumpakOutput/best_results/ClumppPopFile.2",
                "CAMANO_CHRERY/admixpipe/distruct/clumpakOutput/best_results/K1.ps",
                "CAMANO_CHRERY/admixpipe/distruct/clumpakOutput/best_results/K2.ps",
                "CAMANO_CHRERY/admixpipe/distruct/clumpakOutput/best_results/drawparams.1",
                "CAMANO_CHRERY/admixpipe/distruct/clumpakOutput/best_results/drawparams.2",
                "CAMANO_CHRERY/admixpipe/distruct/cvRuns.json",
                "CAMANO_CHRERY/admixpipe/distruct/cv_file.MajClust.txt",
                "CAMANO_CHRERY/admixpipe/distruct/loglikelihood_file.MajClust.txt",
                "CAMANO_CHRERY/admixpipe/distruct/qfilePaths.json",
                "CAMANO_CHRERY/admixpipe/evaladmix",
                "CAMANO_CHRERY/admixpipe/evaladmix/1.png",
                "CAMANO_CHRERY/admixpipe/evaladmix/2.png",
                "CAMANO_CHRERY/admixpipe/evaladmix/CAMANO_CHRERY.1_0.corres",
                "CAMANO_CHRERY/admixpipe/evaladmix/CAMANO_CHRERY.1_0.corres.png",
                "CAMANO_CHRERY/admixpipe/evaladmix/CAMANO_CHRERY.1_1.corres",
                "CAMANO_CHRERY/admixpipe/evaladmix/CAMANO_CHRERY.1_1.corres.png",
                "CAMANO_CHRERY/admixpipe/evaladmix/CAMANO_CHRERY.2_0.corres",
                "CAMANO_CHRERY/admixpipe/evaladmix/CAMANO_CHRERY.2_0.corres.png",
                "CAMANO_CHRERY/admixpipe/evaladmix/CAMANO_CHRERY.2_1.corres",
                "CAMANO_CHRERY/admixpipe/evaladmix/CAMANO_CHRERY.2_1.corres.png",
                "CAMANO_CHRERY/admixpipe/evaladmix/CAMANO_CHRERY.fam",
                "CAMANO_CHRERY/find",
                "CAMANO_CHRERY/find/CAMANO_CHRERY_popmap.tsv",
                "CAMANO_CHRERY/mask",
                "CAMANO_CHRERY/mask/CAMANO_CHRERY_mask_table.tsv",
                "CAMANO_CHRERY/mask/CAMANO_CHRERY_masked_samples.txt",
                "CAMANO_CHRERY/newhybrids",
                "CAMANO_CHRERY/newhybrids/CAMANO_CHRERY_NH_index_map.tsv",
                "CAMANO_CHRERY/newhybrids/CAMANO_CHRERY_NewHybrids.txt",
                "CAMANO_CHRERY/newhybrids/CAMANO_CHRERY_nh_results.txt",
                "CAMANO_CHRERY/newhybrids/EchoedGtypData.txt",
                "CAMANO_CHRERY/newhybrids/aa-EchoedGtypFreqCats.txt",
                "CAMANO_CHRERY/newhybrids/aa-LociAndAlleles.txt",
                "CAMANO_CHRERY/newhybrids/aa-Pi.aves",
                "CAMANO_CHRERY/newhybrids/aa-Pi.hist",
                "CAMANO_CHRERY/newhybrids/aa-PofZ.txt",
                "CAMANO_CHRERY/newhybrids/aa-ScaledLikelihood.txt",
                "CAMANO_CHRERY/newhybrids/aa-Theta.hist",
                "CAMANO_CHRERY/newhybrids/aa-ThetaAverages.txt",
                "CAMANO_CHRERY/newhybrids/pi_trace.tsv",
                "CAMANO_CHRERY/nh",
                "CAMANO_CHRERY/nh/CAMANO_CHRERY_nh_classifications_mqc.html",
                "CAMANO_CHRERY/nh/CAMANO_CHRERY_nh_hybrids.txt",
                "CAMANO_CHRERY/nh/CAMANO_CHRERY_nh_hybrids_masked.txt",
                "CAMANO_CHRERY/nh/CAMANO_CHRERY_nh_outliers_mqc.html",
                "CAMANO_CHRERY/nh/CAMANO_CHRERY_nh_sim_mqc.html",
                "CAMANO_CHRERY/nh/CAMANO_CHRERY_nh_spatial_mqc.html",
                "CAMANO_CHRERY/nh/CAMANO_CHRERY_nh_summary_mask_mqc.json",
                "CAMANO_CHRERY/nh/CAMANO_CHRERY_nh_summary_mqc.json",
                "CAMANO_CHRERY/nh/CAMANO_CHRERY_nh_trace_mqc.html",
                "CAMANO_CHRERY/nh/CAMANO_CHRERY_points.tsv",
                "CAMANO_CHRERY/plot",
                "CAMANO_CHRERY/plot/CAMANO_CHRERY_admixture_bestk_mqc.html",
                "CAMANO_CHRERY/plot/CAMANO_CHRERY_evaladmix_k2_mqc.html",
                "CAMANO_CHRERY/plot/CAMANO_CHRERY_triangle_mqc.html",
                "CAMANO_CHRERY/power_analysis",
                "CAMANO_CHRERY/power_analysis/newhybrids",
                "CAMANO_CHRERY/power_analysis/newhybrids/CAMANO_CHRERY_nh_results.txt",
                "CAMANO_CHRERY/power_analysis/newhybrids/EchoedGtypData.txt",
                "CAMANO_CHRERY/power_analysis/newhybrids/aa-EchoedGtypFreqCats.txt",
                "CAMANO_CHRERY/power_analysis/newhybrids/aa-LociAndAlleles.txt",
                "CAMANO_CHRERY/power_analysis/newhybrids/aa-Pi.aves",
                "CAMANO_CHRERY/power_analysis/newhybrids/aa-Pi.hist",
                "CAMANO_CHRERY/power_analysis/newhybrids/aa-PofZ.txt",
                "CAMANO_CHRERY/power_analysis/newhybrids/aa-ScaledLikelihood.txt",
                "CAMANO_CHRERY/power_analysis/newhybrids/aa-Theta.hist",
                "CAMANO_CHRERY/power_analysis/newhybrids/aa-ThetaAverages.txt",
                "CAMANO_CHRERY/power_analysis/newhybrids/pi_trace.tsv",
                "CAMANO_CHRERY/power_analysis/simulated_data",
                "CAMANO_CHRERY/power_analysis/simulated_data/CAMANO_CHRERY_NH_index_map.tsv",
                "CAMANO_CHRERY/power_analysis/simulated_data/CAMANO_CHRERY_NewHybrids.txt",
                "CAMANO_CHRERY/power_analysis/simulated_data/CAMANO_CHRERY_simulation.tsv",
                "CAMANO_CHRERY/power_analysis/simulated_data/CAMANO_CHRERY_simulation.vcf",
                "CAMANO_CHRERY/report",
                "CAMANO_CHRERY/report/multiqc_data",
                "CAMANO_CHRERY/report/multiqc_data/llms-full.txt",
                "CAMANO_CHRERY/report/multiqc_data/multiqc.log",
                "CAMANO_CHRERY/report/multiqc_data/multiqc.parquet",
                "CAMANO_CHRERY/report/multiqc_data/multiqc_citations.txt",
                "CAMANO_CHRERY/report/multiqc_data/multiqc_data.json",
                "CAMANO_CHRERY/report/multiqc_data/multiqc_nh_summary_table.txt",
                "CAMANO_CHRERY/report/multiqc_data/multiqc_nh_summary_table_masked.txt",
                "CAMANO_CHRERY/report/multiqc_data/multiqc_software_versions.txt",
                "CAMANO_CHRERY/report/multiqc_data/multiqc_sources.txt",
                "CAMANO_CHRERY/report/multiqc_report.html",
                "CAMANO_CHRERY/selected_loci",
                "CAMANO_CHRERY/selected_loci/CAMANO_CHRERY_fst_per_locus.tsv",
                "CAMANO_CHRERY/selected_loci/CAMANO_CHRERY_top100_fst.vcf",
                "CAMANO_CHRERY/snpio",
                "CAMANO_CHRERY/snpio/snpio_filter",
                "CAMANO_CHRERY/snpio/snpio_filter/CAMANO_CHRERY.filter.vcf.gz",
                "CAMANO_CHRERY/snpio/snpio_filter/CAMANO_CHRERY.filter.vcf.gz.tbi",
                "CAMANO_CHRERY/snpio/snpio_filter/CAMANO_CHRERY_output",
                "CAMANO_CHRERY/snpio/snpio_filter/CAMANO_CHRERY_output/data",
                "CAMANO_CHRERY/snpio/snpio_filter/CAMANO_CHRERY_output/data/vcf",
                "CAMANO_CHRERY/snpio/snpio_filter/CAMANO_CHRERY_output/data/vcf/nremover",
                "CAMANO_CHRERY/snpio/snpio_filter/CAMANO_CHRERY_output/data/vcf/vcf_attributes.h5",
                "CAMANO_CHRERY/snpio/snpio_filter/CAMANO_CHRERY_output/logs",
                "CAMANO_CHRERY/snpio/snpio_filter/CAMANO_CHRERY_output/logs/snpio.io.vcf_reader.log",
                "CAMANO_CHRERY/snpio/snpio_filter/CAMANO_CHRERY_output/logs/snpio.plotting.plotting.log",
                "CAMANO_CHRERY/snpio/snpio_filter/CAMANO_CHRERY_output/logs/snpio.read_input.genotype_data.log",
                "CAMANO_CHRERY/snpio/snpio_filter/CAMANO_CHRERY_output/logs/snpio.read_input.genotype_data_base.log",
                "CAMANO_CHRERY/snpio/snpio_filter/CAMANO_CHRERY_output/plots",
                "CAMANO_CHRERY/snpio/snpio_filter/CAMANO_CHRERY_output/plots/nremover",
                "CAMANO_CHRERY/snpio/snpio_filter/CAMANO_CHRERY_output/plots/nremover/filtering",
                "CAMANO_CHRERY/snpio/snpio_filter/CAMANO_CHRERY_output/plots/nremover/filtering/filtering_results_sankey_mqc.html",
                "CAMANO_CHRERY/snpio/snpio_filter/CAMANO_CHRERY_output/reports",
                "CAMANO_CHRERY/snpio/snpio_filter/CAMANO_CHRERY_output/reports/missingness",
                "CAMANO_CHRERY/snpio/snpio_filter/CAMANO_CHRERY_output/reports/missingness/locus_missingness.tsv.gz",
                "CAMANO_CHRERY/snpio/snpio_filter/CAMANO_CHRERY_output/reports/missingness/population_locus_missingness.tsv.gz",
                "CAMANO_CHRERY/snpio/snpio_popfilter",
                "CAMANO_CHRERY/snpio/snpio_popfilter/CAMANO_CHRERY.temp.filtered.vcf.gz",
                "CAMANO_CHRERY/snpio/snpio_popfilter/CAMANO_CHRERY.temp.filtered.vcf.gz.tbi",
                "CAMANO_CHRERY/snpio/snpio_popfilter/CAMANO_CHRERY.temp_output",
                "CAMANO_CHRERY/snpio/snpio_popfilter/CAMANO_CHRERY.temp_output/data",
                "CAMANO_CHRERY/snpio/snpio_popfilter/CAMANO_CHRERY.temp_output/data/vcf",
                "CAMANO_CHRERY/snpio/snpio_popfilter/CAMANO_CHRERY.temp_output/data/vcf/nremover",
                "CAMANO_CHRERY/snpio/snpio_popfilter/CAMANO_CHRERY.temp_output/data/vcf/vcf_attributes.h5",
                "CAMANO_CHRERY/snpio/snpio_popfilter/CAMANO_CHRERY.temp_output/logs",
                "CAMANO_CHRERY/snpio/snpio_popfilter/CAMANO_CHRERY.temp_output/logs/snpio.io.vcf_reader.log",
                "CAMANO_CHRERY/snpio/snpio_popfilter/CAMANO_CHRERY.temp_output/logs/snpio.plotting.plotting.log",
                "CAMANO_CHRERY/snpio/snpio_popfilter/CAMANO_CHRERY.temp_output/logs/snpio.read_input.genotype_data.log",
                "CAMANO_CHRERY/snpio/snpio_popfilter/CAMANO_CHRERY.temp_output/logs/snpio.read_input.genotype_data_base.log",
                "CAMANO_CHRERY/snpio/snpio_select",
                "CAMANO_CHRERY/snpio/snpio_select/CAMANO_CHRERY.subset.vcf.gz",
                "CAMANO_CHRERY/snpio/snpio_select/CAMANO_CHRERY.subset.vcf.gz.tbi",
                "CAMANO_CHRERY/triangle",
                "CAMANO_CHRERY/triangle/CAMANO_CHRERY_classification_popmap.tsv",
                "CAMANO_CHRERY/triangle/CAMANO_CHRERY_hindex.tsv",
                "CAMANO_CHRERY/triangle/CAMANO_CHRERY_hindex_fixed.tsv",
                "pipeline_info",
                "pipeline_info/hybridclassification_software_mqc_versions.yml",
                "reports",
                "reports/CAMANO_CAMOLI_multiqc_report.html",
                "reports/CAMANO_CHRERY_multiqc_report.html"
            ],
            [
                "CAMANO_CAMOLI.1_0.P:md5,19482d69150e22d0f178725536124167",
                "CAMANO_CAMOLI.1_0.Q:md5,9f599414320d273d0ac519c585f8398d",
                "CAMANO_CAMOLI.1_1.P:md5,19482d69150e22d0f178725536124167",
                "CAMANO_CAMOLI.1_1.Q:md5,9f599414320d273d0ac519c585f8398d",
                "CAMANO_CAMOLI.2_0.P:md5,63d431132bf9af2794637fd24ef0e681",
                "CAMANO_CAMOLI.2_0.Q:md5,750e364c67cd34398e93219ae812e470",
                "CAMANO_CAMOLI.2_1.P:md5,d4cd775e1159e4bfa824e83a9802dfee",
                "CAMANO_CAMOLI.2_1.Q:md5,e652e93af77d7ceff3dbd009bb87031d",
                "CAMANO_CAMOLI.map:md5,74203c3040f8e4e8c25f3843580c77a3",
                "CAMANO_CAMOLI.ped:md5,88e9dc06f65bee9314b1d0f7fdfac0e2",
                "CAMANO_CAMOLI.qfiles.json:md5,ca2bfb0714f5e9a11968527a6c94b790",
                "CAMANO_CAMOLI_inds.txt:md5,1a8e38ea7f70f41bc5167be499dea675",
                "CAMANO_CAMOLI_pops.txt:md5,a6d2b543f2ed78bf0c43accae08c0dfe",
                "admixturePipeline.json:md5,5de99a4f84be033a18f418cd939498d1",
                "CAMANO_CAMOLI_bestK.txt:md5,26ab0db90d72e28ad0ba1e22ee510510",
                "CAMANO_CAMOLI_best_clumpp_indfile.out:md5,335700829e8903e61d640867461e16c7",
                "CAMANO_CAMOLI_k2_clumpp_indfile.out:md5,335700829e8903e61d640867461e16c7",
                "AdmixturePopIdToPopName:md5,2c35e24bd09d1730458db1e842078480",
                "K=1.MajorCluster.png:md5,f7208c130964a2fc05d06ec81daff30d",
                "MCL.clusters:md5,a188b85bc109da179a7d8104dd6b72ed",
                "MCL.out:md5,2ef19c830554ab7a91a80d28652670b1",
                "mcxtable:md5,8952462b5247c04771c7dcab99b93b6e",
                "ClumppIndFile.output:md5,7afc1c8c474b9deaea6cd737e91ebbfb",
                "ClumppPopFile:md5,f1bc75a96c8df406fa6debbc3da801be",
                "distructOutput.png:md5,f7208c130964a2fc05d06ec81daff30d",
                "drawparams:md5,85d0eb686c2a903e29d362f8e6af2e3c",
                "K=2.MajorCluster.png:md5,0154064977ceb82f54ea932e07d707b6",
                "clumpp.paramfile:md5,7fbbebbe1a10828703bb23cdc4dcdfa7",
                "MCL.clusters:md5,a188b85bc109da179a7d8104dd6b72ed",
                "MCL.out:md5,c82735c53880da97c4c30fe48761dfc7",
                "mcxtable:md5,8952462b5247c04771c7dcab99b93b6e",
                "ClumppIndFile.output:md5,335700829e8903e61d640867461e16c7",
                "ClumppPopFile:md5,2f793ad20a27c29d71a7d2e35876a255",
                "clumpp.paramfile:md5,7fbbebbe1a10828703bb23cdc4dcdfa7",
                "distructOutput.png:md5,0154064977ceb82f54ea932e07d707b6",
                "drawparams:md5,85d0eb686c2a903e29d362f8e6af2e3c",
                "CAMANO_CAMOLI.1_0.Q.converted:md5,40128c7db980c5a7089aaacad83f2052",
                "CAMANO_CAMOLI.1_1.Q.converted:md5,40128c7db980c5a7089aaacad83f2052",
                "CAMANO_CAMOLI.2_0.Q.converted:md5,c586d31446ce017c17c1160655f37815",
                "CAMANO_CAMOLI.2_1.Q.converted:md5,0c4b1040a21d13234ccd36fe0f610a6a",
                "detectedModesSummery.log:md5,d9dc046816c473dd8c99971fc842af45",
                "images_to_display.dat:md5,82b3d7d8bb5362c62fe332eb6f11aa17",
                "CAMANO_CAMOLI.1_0.Q:md5,9f599414320d273d0ac519c585f8398d",
                "CAMANO_CAMOLI.1_1.Q:md5,9f599414320d273d0ac519c585f8398d",
                "CAMANO_CAMOLI.2_0.Q:md5,750e364c67cd34398e93219ae812e470",
                "CAMANO_CAMOLI.2_1.Q:md5,e652e93af77d7ceff3dbd009bb87031d",
                "cv_file.MajClust.png:md5,cdada66f0c3727c7954e834161108cd9",
                "cv_output.txt:md5,0dd931efda85740857effe4fe601bf4e",
                "ll_output.txt:md5,c01d08e4db081966cb91210524873c78",
                "loglikelihood_file.MajClust.png:md5,14e6566bddee3fac6b4b1dc3887048d8",
                "AdmixturePopIdToPopName:md5,2c35e24bd09d1730458db1e842078480",
                "ClumppIndFile.output.1:md5,7afc1c8c474b9deaea6cd737e91ebbfb",
                "ClumppIndFile.output.2:md5,335700829e8903e61d640867461e16c7",
                "ClumppPopFile.1:md5,f1bc75a96c8df406fa6debbc3da801be",
                "ClumppPopFile.2:md5,2f793ad20a27c29d71a7d2e35876a255",
                "K1.ps:md5,95854ea2331adf173872cca8c8d0fad8",
                "K2.ps:md5,5310355a5ba9ae9485b28af2f45d4f29",
                "drawparams.1:md5,8d3950effb07101ee3cd9927b415d154",
                "drawparams.2:md5,11a5134e1c4a2fa73c77d87d08f0ee37",
                "1.png:md5,0bc123ad3cadb440b633b7d630c40cae",
                "2.png:md5,e65d4abbf562bbf12cc8af0f13c88c9b",
                "CAMANO_CAMOLI.1_0.corres:md5,a57a2bebbb398efc83f94f5aed4c1f42",
                "CAMANO_CAMOLI.1_0.corres.png:md5,d789adb10799f9c0570615bf93c84ee4",
                "CAMANO_CAMOLI.1_1.corres:md5,a57a2bebbb398efc83f94f5aed4c1f42",
                "CAMANO_CAMOLI.1_1.corres.png:md5,d789adb10799f9c0570615bf93c84ee4",
                "CAMANO_CAMOLI.2_0.corres:md5,be5e82da7e37e04b1ef5bbb3f5c8adb0",
                "CAMANO_CAMOLI.2_0.corres.png:md5,0c6476c9d946bfa7280538597cd15627",
                "CAMANO_CAMOLI.2_1.corres:md5,c516151bdbf52521ab82f1ab2541d411",
                "CAMANO_CAMOLI.2_1.corres.png:md5,a6ab4f47dc376c3140171c5a66feb4ac",
                "CAMANO_CAMOLI.fam:md5,1f66ea040386b7a5d6225c41edb3a963",
                "CAMANO_CAMOLI_popmap.tsv:md5,82c59eee1b38ba8656bb54106cb1d73d",
                "CAMANO_CAMOLI_mask_table.tsv:md5,0d67f09e691e5f74383fc8c44958a9b0",
                "CAMANO_CAMOLI_masked_samples.txt:md5,f4a7f4b98dd48c87028696cd507a24ef",
                "CAMANO_CAMOLI_NH_index_map.tsv:md5,0de1cd398781d15d358239655c4045bd",
                "CAMANO_CAMOLI_NewHybrids.txt:md5,3190d2b57123c1c9213bf337f28c52e7",
                "EchoedGtypData.txt:md5,e1663d27e6807dfb6adca66055fdd4a4",
                "aa-EchoedGtypFreqCats.txt:md5,1f5216111e6560cb01acd27fd0295d82",
                "aa-LociAndAlleles.txt:md5,cff55c510cc2472c9d351e6552108f69",
                "aa-Pi.aves:md5,9898c8239d781b585249777d52169a0a",
                "aa-Pi.hist:md5,643bd0a3fd2829eb5a6e0e8b53978e2e",
                "aa-PofZ.txt:md5,c5fa50c9ea8eada7b340c1822e2018b4",
                "aa-ScaledLikelihood.txt:md5,264ebdb244cfb0b5f27a3a3dc84e621d",
                "aa-Theta.hist:md5,9f793c8bb6059c38df3182cbcd1a3bcb",
                "aa-ThetaAverages.txt:md5,c18a7d19adaccf16ac5430afa08960dc",
                "pi_trace.tsv:md5,df3c37f6eff6358693a82f3aaf9e1e16",
                "CAMANO_CAMOLI_nh_hybrids.txt:md5,7aacebdf3e3af94c2443282b28509a18",
                "CAMANO_CAMOLI_nh_hybrids_masked.txt:md5,6fd1c1ce5e5f3be05d5bf1b1e83ba302",
                "CAMANO_CAMOLI_nh_summary_mask_mqc.json:md5,270b1b3807517f842f85b54d3394a231",
                "CAMANO_CAMOLI_nh_summary_mqc.json:md5,65b2cea40f262ef05a69ad8a853cc385",
                "CAMANO_CAMOLI_points.tsv:md5,3f9dfb018469b644afad2d8aa784779a",
                "EchoedGtypData.txt:md5,6a56008e8a81a221f1317b8432e15e7a",
                "aa-EchoedGtypFreqCats.txt:md5,1f5216111e6560cb01acd27fd0295d82",
                "aa-LociAndAlleles.txt:md5,cff55c510cc2472c9d351e6552108f69",
                "aa-Pi.aves:md5,6b5b9938798330c6dfd01141f04cc367",
                "aa-Pi.hist:md5,9f385fc271c2e590950c4ba431679c8f",
                "aa-PofZ.txt:md5,8b114207e0812aa8e7f2a5ff1e01a965",
                "aa-ScaledLikelihood.txt:md5,5c4dc4c3a360a195f5ba8d6154b35245",
                "aa-Theta.hist:md5,54703d0b71973f9ae29944bbe29bfbb1",
                "aa-ThetaAverages.txt:md5,51b2ccd1755c35c3b2decbcfccafcb40",
                "pi_trace.tsv:md5,6f720c3c69a161d57841199c877f44c8",
                "CAMANO_CAMOLI_NH_index_map.tsv:md5,b2f04f3c5a9881d5419496906310f1d5",
                "CAMANO_CAMOLI_NewHybrids.txt:md5,4aa00562d52585f3269a69c576d31fc5",
                "CAMANO_CAMOLI_simulation.tsv:md5,4b7605c6a7a8b3c1a4e9d0c5f8f9a51f",
                "CAMANO_CAMOLI_simulation.vcf:md5,469e37b583eeb6f8e92be8c6f2000780",
                "multiqc_citations.txt:md5,4c806e63a283ec1b7e78cdae3a923d4f",
                "multiqc_nh_summary_table.txt:md5,b97930b27f8cfc4396ae4e5fb51c2c0f",
                "multiqc_nh_summary_table_masked.txt:md5,2894124485fe9fa7585930da188597ab",
                "multiqc_sources.txt:md5,d2a044df39ce3c6abe5cdc2d67473490",
                "CAMANO_CAMOLI_fst_per_locus.tsv:md5,ddfa429eb92fe709d84a4b2758092b6f",
                "CAMANO_CAMOLI_top100_fst.vcf:md5,880526e55aa675fee42e537398d7f969",
                "CAMANO_CAMOLI.filter.vcf.gz:md5,263cb9d61803322d3ea98539b1c300d3",
                "CAMANO_CAMOLI.filter.vcf.gz.tbi:md5,f07390f089fd219de3da402924bcfd88",
                "locus_missingness.tsv.gz:md5,37f05c68d9644a75702286a5d63f1c5b",
                "population_locus_missingness.tsv.gz:md5,40bb0c7b7c14d7b94f050ce3b29d9235",
                "CAMANO_CAMOLI.temp.filtered.vcf.gz:md5,f5b1216c828dad5719438ea17931d474",
                "CAMANO_CAMOLI.temp.filtered.vcf.gz.tbi:md5,0db9fc636a847a50c862cb3ec7761a06",
                "CAMANO_CAMOLI.subset.vcf.gz:md5,0aa64963cb03864828d16102fd563c21",
                "CAMANO_CAMOLI.subset.vcf.gz.tbi:md5,28b136c9a17e8ff94616e264f94d3801",
                "CAMANO_CAMOLI_classification_popmap.tsv:md5,34ba555128a76fbd0b2849d09aa335b6",
                "CAMANO_CAMOLI_hindex.tsv:md5,b58734c029b6e56f7d34c23c42386e8e",
                "CAMANO_CAMOLI_hindex_fixed.tsv:md5,3730180d0132dd31db573386033be051",
                "CAMANO_CHRERY.1_0.P:md5,4d4334812567de6dd0b9ce8dd1d7dcde",
                "CAMANO_CHRERY.1_0.Q:md5,01662ad6f5a5ea12f14644407386a1d3",
                "CAMANO_CHRERY.1_1.P:md5,4d4334812567de6dd0b9ce8dd1d7dcde",
                "CAMANO_CHRERY.1_1.Q:md5,01662ad6f5a5ea12f14644407386a1d3",
                "CAMANO_CHRERY.2_0.P:md5,9691436cdf82e9d6c1477f5a3962c7c5",
                "CAMANO_CHRERY.2_0.Q:md5,eb6b1e437ecfd6fefdff6547954d1fae",
                "CAMANO_CHRERY.2_1.P:md5,be0123fe426b56c85f8847e1fea644be",
                "CAMANO_CHRERY.2_1.Q:md5,3a5b3bb952d57780c9116baebbb849b1",
                "CAMANO_CHRERY.map:md5,ef197a3b230007c2f3b6c17e245256d4",
                "CAMANO_CHRERY.ped:md5,0f889a58641f69c2752b6eea2212dd7c",
                "CAMANO_CHRERY.qfiles.json:md5,e832a99d50ba961b3af20cd5bfa0e909",
                "CAMANO_CHRERY_inds.txt:md5,c24e719544a3b1dec63d5d30ccd5ff4e",
                "CAMANO_CHRERY_pops.txt:md5,7cfa76c2708463e37f04bb4baca627c1",
                "admixturePipeline.json:md5,1ddcc3f653609c3f555930056fdfa0ed",
                "CAMANO_CHRERY_bestK.txt:md5,26ab0db90d72e28ad0ba1e22ee510510",
                "CAMANO_CHRERY_best_clumpp_indfile.out:md5,cafc3b574e7f6e753c77519b5ba50245",
                "CAMANO_CHRERY_k2_clumpp_indfile.out:md5,cafc3b574e7f6e753c77519b5ba50245",
                "AdmixturePopIdToPopName:md5,d4e7b61555dd792cf2129d86ef9911c8",
                "K=1.MajorCluster.png:md5,20984230ccc6acb498f14811b6e1af0a",
                "MCL.clusters:md5,a188b85bc109da179a7d8104dd6b72ed",
                "MCL.out:md5,2ef19c830554ab7a91a80d28652670b1",
                "mcxtable:md5,8952462b5247c04771c7dcab99b93b6e",
                "ClumppIndFile.output:md5,a4b2c2d97e7bbe52db901c18bfa3b57e",
                "ClumppPopFile:md5,37c69de1bcc649995c8e73aca8265509",
                "distructOutput.png:md5,20984230ccc6acb498f14811b6e1af0a",
                "drawparams:md5,18b22de4192d81061efa75f547e6478e",
                "K=2.MajorCluster.png:md5,5e259156c826bf567ae7e54339c3aa6a",
                "clumpp.paramfile:md5,7fbbebbe1a10828703bb23cdc4dcdfa7",
                "MCL.clusters:md5,a188b85bc109da179a7d8104dd6b72ed",
                "MCL.out:md5,c82735c53880da97c4c30fe48761dfc7",
                "mcxtable:md5,8952462b5247c04771c7dcab99b93b6e",
                "ClumppIndFile.output:md5,cafc3b574e7f6e753c77519b5ba50245",
                "ClumppPopFile:md5,28c42a5b88f16d37b184dc5559cae1e9",
                "clumpp.paramfile:md5,7fbbebbe1a10828703bb23cdc4dcdfa7",
                "distructOutput.png:md5,5e259156c826bf567ae7e54339c3aa6a",
                "drawparams:md5,18b22de4192d81061efa75f547e6478e",
                "CAMANO_CHRERY.1_0.Q.converted:md5,3ca82528b8e49ac1757e40672d7b97b1",
                "CAMANO_CHRERY.1_1.Q.converted:md5,3ca82528b8e49ac1757e40672d7b97b1",
                "CAMANO_CHRERY.2_0.Q.converted:md5,9ef62541d83b33701b829b5bebfb2f7f",
                "CAMANO_CHRERY.2_1.Q.converted:md5,f1788ec66d29df499d719598a74cc8d6",
                "detectedModesSummery.log:md5,d9dc046816c473dd8c99971fc842af45",
                "images_to_display.dat:md5,82b3d7d8bb5362c62fe332eb6f11aa17",
                "CAMANO_CHRERY.1_0.Q:md5,01662ad6f5a5ea12f14644407386a1d3",
                "CAMANO_CHRERY.1_1.Q:md5,01662ad6f5a5ea12f14644407386a1d3",
                "CAMANO_CHRERY.2_0.Q:md5,eb6b1e437ecfd6fefdff6547954d1fae",
                "CAMANO_CHRERY.2_1.Q:md5,3a5b3bb952d57780c9116baebbb849b1",
                "cv_file.MajClust.png:md5,c661c382a4dc56046f2e987604b86e85",
                "cv_output.txt:md5,1c6c7c510152efe31d0dc76902c2fb25",
                "ll_output.txt:md5,a3aa8612278143d330eb3c57de9eeee1",
                "loglikelihood_file.MajClust.png:md5,c1c0e4b31639bdab143ec323bf688121",
                "AdmixturePopIdToPopName:md5,d4e7b61555dd792cf2129d86ef9911c8",
                "ClumppIndFile.output.1:md5,a4b2c2d97e7bbe52db901c18bfa3b57e",
                "ClumppIndFile.output.2:md5,cafc3b574e7f6e753c77519b5ba50245",
                "ClumppPopFile.1:md5,37c69de1bcc649995c8e73aca8265509",
                "ClumppPopFile.2:md5,28c42a5b88f16d37b184dc5559cae1e9",
                "K1.ps:md5,1d84e47df133122253b813ab1ddfa386",
                "K2.ps:md5,ddfe66e23a0c79a5ef66c93cd3b9711f",
                "drawparams.1:md5,c9a06f8e2ba16c714931fcd17f731ac7",
                "drawparams.2:md5,ab65685de5e9d44e8342f2b461a52fa7",
                "1.png:md5,47f5bb5643275af615d19acc40ea3e70",
                "2.png:md5,0940fe549e75559f8f8e273fab59ed1a",
                "CAMANO_CHRERY.1_0.corres:md5,2aed5b3e5775f21fe68af8c0908d42be",
                "CAMANO_CHRERY.1_0.corres.png:md5,88d64cf376ca59ebc0f526bb01ced6f3",
                "CAMANO_CHRERY.1_1.corres:md5,2aed5b3e5775f21fe68af8c0908d42be",
                "CAMANO_CHRERY.1_1.corres.png:md5,88d64cf376ca59ebc0f526bb01ced6f3",
                "CAMANO_CHRERY.2_0.corres:md5,fecbdb94a3b20c2305b922bf193c506e",
                "CAMANO_CHRERY.2_0.corres.png:md5,c8b65aa2c66a9381a29db927c2d4ade8",
                "CAMANO_CHRERY.2_1.corres:md5,a021e0f8cdbf7878f2a305108c588f5a",
                "CAMANO_CHRERY.2_1.corres.png:md5,c8b65aa2c66a9381a29db927c2d4ade8",
                "CAMANO_CHRERY.fam:md5,63bd2d38a2c22861156e600cf1aa127d",
                "CAMANO_CHRERY_popmap.tsv:md5,ce49e8a60a0ebe68919c0a49a8357634",
                "CAMANO_CHRERY_mask_table.tsv:md5,c7b831deef165b77139163cfeac14070",
                "CAMANO_CHRERY_masked_samples.txt:md5,63dbcf97fc2be58cb621e9ceaf3efd2d",
                "CAMANO_CHRERY_NH_index_map.tsv:md5,e4489a5b5df32c806fe2be8810e743bb",
                "CAMANO_CHRERY_NewHybrids.txt:md5,f101b9f51527fe756f22e409e1d5b264",
                "EchoedGtypData.txt:md5,96219e6a5bd06d94c9bc8dbcdf252674",
                "aa-EchoedGtypFreqCats.txt:md5,1f5216111e6560cb01acd27fd0295d82",
                "aa-LociAndAlleles.txt:md5,d7a05bec6d6764f457fc2658f40422dc",
                "aa-Pi.aves:md5,94239d66c16db2c2063a320cc362bc16",
                "aa-Pi.hist:md5,d0f59dd52398f63e70ced77657e02107",
                "aa-PofZ.txt:md5,a07e9a5a977830cfebf14719f1c49feb",
                "aa-ScaledLikelihood.txt:md5,9ebc4d66260ed1b991ffd593f8dcbed3",
                "aa-Theta.hist:md5,6870e4f6eb4cee4084249ba7e0ac66ea",
                "aa-ThetaAverages.txt:md5,0de57ac932453d5c141bef6e3a63213a",
                "pi_trace.tsv:md5,40aba56e0c67036a8af478212b04fa64",
                "CAMANO_CHRERY_nh_hybrids.txt:md5,3b9401bbfd128ea25f3422443ace805c",
                "CAMANO_CHRERY_nh_hybrids_masked.txt:md5,d41d8cd98f00b204e9800998ecf8427e",
                "CAMANO_CHRERY_nh_summary_mask_mqc.json:md5,87665bcca880533ad0b35f9f554336ab",
                "CAMANO_CHRERY_nh_summary_mqc.json:md5,1ee74bd1c2d9bac4e463b62df2c8ea36",
                "CAMANO_CHRERY_points.tsv:md5,aeb734e45946d553e407138d39856aa2",
                "EchoedGtypData.txt:md5,f122148bc80c6aea0ad872c9f226636d",
                "aa-EchoedGtypFreqCats.txt:md5,1f5216111e6560cb01acd27fd0295d82",
                "aa-LociAndAlleles.txt:md5,294bddf76863aac9d181b9c3e54b969b",
                "aa-Pi.aves:md5,b8951bc12fc3f8307d17c06430135630",
                "aa-Pi.hist:md5,f08483f47f5a592b06f327358f1802ce",
                "aa-PofZ.txt:md5,88c6a6c96562eaa4030cbb876ab1970c",
                "aa-ScaledLikelihood.txt:md5,90fa6aaf57659e1c61b722b0e283ef64",
                "aa-Theta.hist:md5,7dae05f91ea1fcf0d200a5d8ff0b6e0f",
                "aa-ThetaAverages.txt:md5,6233af45a65081e08d6d559d304aed7d",
                "pi_trace.tsv:md5,bbc0b5222de8eb031c6014b97a409073",
                "CAMANO_CHRERY_NH_index_map.tsv:md5,8a4e3bc62e412220af3d92e0f0b9d31b",
                "CAMANO_CHRERY_NewHybrids.txt:md5,357682fbed50a194c971e15619febac4",
                "CAMANO_CHRERY_simulation.tsv:md5,4b7605c6a7a8b3c1a4e9d0c5f8f9a51f",
                "CAMANO_CHRERY_simulation.vcf:md5,3e33dab4b04a093172863b43097a60f3",
                "multiqc_citations.txt:md5,4c806e63a283ec1b7e78cdae3a923d4f",
                "multiqc_nh_summary_table.txt:md5,358cd9d30a4c419489134dee7a5c31fe",
                "multiqc_nh_summary_table_masked.txt:md5,72ff72cd9b587f74b7455f94b507df57",
                "multiqc_sources.txt:md5,d2a044df39ce3c6abe5cdc2d67473490",
                "CAMANO_CHRERY_fst_per_locus.tsv:md5,a6925117d9626789883a9f88b320510a",
                "CAMANO_CHRERY_top100_fst.vcf:md5,a6c1aef731719c4ac894626bcaf36174",
                "CAMANO_CHRERY.filter.vcf.gz:md5,5e57929015a69e7374cbeaa584270c91",
                "CAMANO_CHRERY.filter.vcf.gz.tbi:md5,c9113509cb7c668c039c24c2807aca2a",
                "locus_missingness.tsv.gz:md5,f60bb0e007aadee1687a2028ea9c3551",
                "population_locus_missingness.tsv.gz:md5,bdfd70f900f229cd913aca46afaa1150",
                "CAMANO_CHRERY.temp.filtered.vcf.gz:md5,92b846bdb48adb7a524f8ea06f2b75ed",
                "CAMANO_CHRERY.temp.filtered.vcf.gz.tbi:md5,5f1decc4018d6bf5553a4951aec7880a",
                "CAMANO_CHRERY.subset.vcf.gz:md5,5cddb269cb0e3524597127f5a2d16cbe",
                "CAMANO_CHRERY.subset.vcf.gz.tbi:md5,09ef92e0ce0898dc04a18d28fe2fa2b5",
                "CAMANO_CHRERY_classification_popmap.tsv:md5,c37f3eb30e06e16d22d1bf6af63f8749",
                "CAMANO_CHRERY_hindex.tsv:md5,a7e22027490889f695303d310bc9dfae",
                "CAMANO_CHRERY_hindex_fixed.tsv:md5,9c94c9cc606ab5b714f694a416576133"
            ]
        ],
        "timestamp": "2026-09-29T18:44:55.389835",
        "meta": {
            "nf-test": "0.9.4",
            "nextflow": "25.10.4"
        }
    }
}